Archive member included because of file (symbol)

build\cc2538em_armgcc\openwsn\libopenstack.a(openwsn.o)
                              firmware\openos\projects\common\03oos_openwsn\03oos_openwsn.o (openwsn_init)
build\cc2538em_armgcc\openwsn\libopenstack.a(IEEE802154E.o)
                              build\cc2538em_armgcc\openwsn\libopenstack.a(openwsn.o) (ieee154e_init)
build\cc2538em_armgcc\openwsn\libopenstack.a(adaptive_sync.o)
                              build\cc2538em_armgcc\openwsn\libopenstack.a(openwsn.o) (adaptive_sync_init)
build\cc2538em_armgcc\openwsn\libopenstack.a(neighbors.o)
                              build\cc2538em_armgcc\openwsn\libopenstack.a(openwsn.o) (neighbors_init)
build\cc2538em_armgcc\openwsn\libopenstack.a(res.o)
                              build\cc2538em_armgcc\openwsn\libopenstack.a(openwsn.o) (res_init)
build\cc2538em_armgcc\openwsn\libopenstack.a(schedule.o)
                              build\cc2538em_armgcc\openwsn\libopenstack.a(openwsn.o) (schedule_init)
build\cc2538em_armgcc\openwsn\libopenstack.a(iphc.o)
                              build\cc2538em_armgcc\openwsn\libopenstack.a(openwsn.o) (iphc_init)
build\cc2538em_armgcc\openwsn\libopenstack.a(openbridge.o)
                              build\cc2538em_armgcc\openwsn\libopenstack.a(openwsn.o) (openbridge_init)
build\cc2538em_armgcc\openwsn\libopenstack.a(forwarding.o)
                              build\cc2538em_armgcc\openwsn\libopenstack.a(openwsn.o) (forwarding_init)
build\cc2538em_armgcc\openwsn\libopenstack.a(icmpv6.o)
                              build\cc2538em_armgcc\openwsn\libopenstack.a(openwsn.o) (icmpv6_init)
build\cc2538em_armgcc\openwsn\libopenstack.a(icmpv6echo.o)
                              build\cc2538em_armgcc\openwsn\libopenstack.a(openwsn.o) (icmpv6echo_init)
build\cc2538em_armgcc\openwsn\libopenstack.a(icmpv6rpl.o)
                              build\cc2538em_armgcc\openwsn\libopenstack.a(openwsn.o) (icmpv6rpl_init)
build\cc2538em_armgcc\openwsn\libopenstack.a(opencoap.o)
                              build\cc2538em_armgcc\openwsn\libopenstack.a(openwsn.o) (opencoap_init)
build\cc2538em_armgcc\openwsn\libopenstack.a(opentcp.o)
                              build\cc2538em_armgcc\openwsn\libopenstack.a(openwsn.o) (opentcp_init)
build\cc2538em_armgcc\openwsn\libopenstack.a(openudp.o)
                              build\cc2538em_armgcc\openwsn\libopenstack.a(openwsn.o) (openudp_init)
build\cc2538em_armgcc\openwsn\libopenstack.a(r6t.o)
                              build\cc2538em_armgcc\openwsn\libopenstack.a(openwsn.o) (r6t_init)
build\cc2538em_armgcc\openwsn\libopenstack.a(ohlone.o)
                              build\cc2538em_armgcc\openwsn\libopenstack.a(openwsn.o) (ohlone_init)
build\cc2538em_armgcc\openwsn\libopenstack.a(ohlone_webpages.o)
                              build\cc2538em_armgcc\openwsn\libopenstack.a(ohlone.o) (ohlone_webpages_init)
build\cc2538em_armgcc\openwsn\libopenstack.a(rinfo.o)
                              build\cc2538em_armgcc\openwsn\libopenstack.a(openwsn.o) (rinfo_init)
build\cc2538em_armgcc\openwsn\libopenstack.a(rrt.o)
                              build\cc2538em_armgcc\openwsn\libopenstack.a(openwsn.o) (rrt_init)
build\cc2538em_armgcc\openwsn\libopenstack.a(rleds.o)
                              build\cc2538em_armgcc\openwsn\libopenstack.a(openwsn.o) (rleds__init)
build\cc2538em_armgcc\openwsn\libopenstack.a(rwellknown.o)
                              build\cc2538em_armgcc\openwsn\libopenstack.a(openwsn.o) (rwellknown_init)
build\cc2538em_armgcc\openwsn\libopenstack.a(tcpecho.o)
                              build\cc2538em_armgcc\openwsn\libopenstack.a(openwsn.o) (tcpecho_init)
build\cc2538em_armgcc\openwsn\libopenstack.a(tcpinject.o)
                              build\cc2538em_armgcc\openwsn\libopenstack.a(openwsn.o) (tcpinject_init)
build\cc2538em_armgcc\openwsn\libopenstack.a(tcpprint.o)
                              build\cc2538em_armgcc\openwsn\libopenstack.a(openwsn.o) (tcpprint_init)
build\cc2538em_armgcc\openwsn\libopenstack.a(udpecho.o)
                              build\cc2538em_armgcc\openwsn\libopenstack.a(openwsn.o) (udpecho_init)
build\cc2538em_armgcc\openwsn\libopenstack.a(udpinject.o)
                              build\cc2538em_armgcc\openwsn\libopenstack.a(openwsn.o) (udpinject_init)
build\cc2538em_armgcc\openwsn\libopenstack.a(udpprint.o)
                              build\cc2538em_armgcc\openwsn\libopenstack.a(openwsn.o) (udpprint_init)
build\cc2538em_armgcc\openwsn\libopenstack.a(udprand.o)
                              build\cc2538em_armgcc\openwsn\libopenstack.a(openudp.o) (udprand_sendDone)
build\cc2538em_armgcc\openwsn\libopenstack.a(udplatency.o)
                              build\cc2538em_armgcc\openwsn\libopenstack.a(openudp.o) (udplatency_sendDone)
build\cc2538em_armgcc\openwsn\libopenstack.a(idmanager.o)
                              build\cc2538em_armgcc\openwsn\libopenstack.a(openwsn.o) (idmanager_init)
[...]
Memory Configuration

Name             Origin             Length             Attributes
FLASH            0x00200000         0x0007ffd4         xr
FLASH_CCA        0x0027ffd4         0x0000000c         xr
SRAM             0x20004000         0x00004000         xrw
*default*        0x00000000         0xffffffff

Linker script and memory map

LOAD firmware\openos\projects\common\03oos_openwsn\03oos_openwsn.o
LOAD build\cc2538em_armgcc\openwsn\libopenstack.a
LOAD build\cc2538em_armgcc\kernel\openos\libopenos.a
LOAD build\cc2538em_armgcc\drivers\libdrivers.a
LOAD build\cc2538em_armgcc\bsp\boards\cc2538em\libbsp.a
START GROUP
LOAD d:/apps/gnu_arm_toolchain/4.8_2013q4/bin/../lib/gcc/arm-none-eabi/4.8.3/armv7-m\libgcc.a
LOAD d:/apps/gnu_arm_toolchain/4.8_2013q4/bin/../lib/gcc/arm-none-eabi/4.8.3/../../../../arm-none-eabi/lib/armv7-m\libg.a
LOAD d:/apps/gnu_arm_toolchain/4.8_2013q4/bin/../lib/gcc/arm-none-eabi/4.8.3/../../../../arm-none-eabi/lib/armv7-m\libc.a
END GROUP

.text           0x00200000    0x11284
                0x00200000                _text = .
 *(.vectors)
 .vectors       0x00200000      0x28c build\cc2538em_armgcc\bsp\boards\cc2538em\libbsp.a(startup_gcc.o)
                0x00200000                gVectors
 *(.text*)
 .text          0x0020028c       0x1c firmware\openos\projects\common\03oos_openwsn\03oos_openwsn.o
                0x0020028c                mote_main
 .text          0x002002a8       0x90 build\cc2538em_armgcc\openwsn\libopenstack.a(openwsn.o)
                0x002002a8                openwsn_init
 .text          0x00200338     0x1df8 build\cc2538em_armgcc\openwsn\libopenstack.a(IEEE802154E.o)
                0x00200338                ieee154e_init
                0x002003b4                ieee154e_asnDiff
                0x00200460                isr_ieee154e_newSlot
                0x002004a8                isr_ieee154e_timer
                0x002005b4                ieee154e_startOfFrame
                0x00200670                ieee154e_endOfFrame
                0x0020072c                debugPrint_asn
                0x0020076c                debugPrint_isSync
                0x00200798                debugPrint_macStats
                0x002007b0                activity_synchronize_newSlot
                0x00200834                activity_synchronize_startOfFrame
                0x00200868                activity_synchronize_endOfFrame
                0x00200a6c                ieee154e_processIEs
                0x00200c74                ieee154e_processSlotframeLinkIE
                0x00200d9c                activity_ti1ORri1
                0x00200fe8                activity_ti2
                0x00201058                activity_tie1
                0x00201078                activity_ti3
                0x00201098                activity_tie2
                0x002010b8                activity_ti4
                0x002010e8                activity_tie3
                0x00201108                activity_ti5
                0x00201194                activity_ti6
                0x002011f0                activity_tie4
                0x00201210                activity_ti7
                0x00201230                activity_tie5
                0x00201280                activity_ti8
                0x002012b0                activity_tie6
                0x002012bc                activity_ti9
                0x00201474                activity_ri2
                0x002014d0                activity_rie1
                0x002014f0                activity_ri3
                0x00201510                activity_rie2
                0x0020151c                activity_ri4
                0x00201550                activity_rie3
                0x00201570                activity_ri5
                0x0020177c                activity_ri6
                0x002018f4                activity_rie4
                0x00201914                activity_ri7
                0x00201934                activity_rie5
                0x00201954                activity_ri8
                0x00201984                activity_rie6
                0x002019a4                activity_ri9
                0x00201a10                isValidRxFrame
                0x00201a7c                isValidAck
                0x00201aec                incrementAsnOffset
                0x00201b80                ieee154e_getAsn
                0x00201be8                joinPriorityStoreFromAdv
                0x00201c14                asnStoreFromAdv
                0x00201c9c                synchronizePacket
                0x00201d5c                synchronizeAck
                0x00201df0                changeIsSync
                0x00201e24                notif_sendDone
                0x00201e64                notif_receive
                0x00201ea0                resetStats
                0x00201ee8                updateStats
                0x00201f28                calculateFrequency
                0x00201f40                changeState
                0x00201fe4                endSlot
                0x00202118                ieee154e_isSynch
 .text          0x00202130      0x418 build\cc2538em_armgcc\openwsn\libopenstack.a(adaptive_sync.o)
                0x00202130                adaptive_sync_init
                0x00202160                adaptive_sync_preprocess
                0x002022e8                adaptive_sync_calculateCompensatedSlots
                0x002023ec                adaptive_sync_countCompensationTimeout
                0x00202468                adaptive_sync_countCompensationTimeout_compoundSlots
                0x00202530                adaptive_sync_driftChanged
 .text          0x00202548     0x1054 build\cc2538em_armgcc\openwsn\libopenstack.a(neighbors.o)
                0x00202548                neighbors_init
                0x0020257c                neighbors_getMyDAGrank
                0x00202594                neighbors_getNumNeighbors
                0x002025dc                neighbors_getPreferredParentEui64
                0x00202728                neighbors_getKANeighbor
                0x002027d0                neighbors_isStableNeighbor
                0x00202870                neighbors_isPreferredParent
                0x002028d0                neighbors_isNeighborWithLowerDAGrank
                0x00202928                neighbors_isNeighborWithHigherDAGrank
                0x00202980                neighbors_indicateRx
                0x00202b9c                neighbors_indicateTx
                0x00202d04                neighbors_indicateRxDIO
                0x00202e30                neighbors_getNeighbor
                0x00202e88                neighbors_updateMyDAGrankAndNeighborPreference
                0x00202ff8                neighbors_removeOld
                0x00203060                debugPrint_neighbors
                0x002030f0                debugNetPrint_neighbors
                0x002031e4                registerNewNeighbor
                0x002033cc                isNeighbor
                0x00203408                removeNeighbor
                0x0020352c                isThisRowMatching
 .text          0x0020359c      0x624 build\cc2538em_armgcc\openwsn\libopenstack.a(res.o)
                0x0020359c                res_init
                0x002035f8                debugPrint_myDAGrank
                0x00203620                res_send
                0x0020364c                res_setKaPeriod
                0x0020367c                task_resNotifSendDone
                0x00203748                task_resNotifReceive
                0x002037e8                timers_res_fired
                0x0020383c                res_send_internal
                0x002038d8                sendAdv
                0x002039e4                res_copySlotFrameAndLinkIE
                0x00203b18                sendKa
                0x00203bac                res_timer_cb
 .text          0x00203bc0      0x9cc build\cc2538em_armgcc\openwsn\libopenstack.a(schedule.o)
                0x00203bc0                schedule_init
                0x00203cc4                debugPrint_schedule
                0x00203e18                debugPrint_backoff
                0x00203e48                schedule_setFrameLength
                0x00203e6c                schedule_getSlotInfo
                0x00203ef0                schedule_addActiveSlot
                0x002040bc                schedule_removeActiveSlot
                0x002041d4                schedule_syncSlotOffset
                0x00204208                schedule_advanceSlot
                0x0020422c                schedule_getNextActiveSlotOffset
                0x0020425c                schedule_getFrameLength
                0x00204280                schedule_getType
                0x002042a8                schedule_getNeighbor
                0x002042d4                schedule_getChannelOffset
                0x002042fc                schedule_getOkToSend
                0x00204358                schedule_resetBackoff
                0x0020437c                schedule_indicateRx
                0x002043b8                schedule_indicateTx
                0x002044a4                schedule_getNetDebugInfo
                0x0020452c                schedule_resetEntry
 .text          0x0020458c      0xcf4 build\cc2538em_armgcc\openwsn\libopenstack.a(iphc.o)
                0x0020458c                iphc_init
                0x00204598                iphc_sendFromForwarding
                0x00204794                iphc_sendFromBridge
                0x002047cc                iphc_sendDone
                0x00204804                iphc_receive
                0x00204890                iphc_prependIPv6Header
                0x00204c08                iphc_retrieveIPv6Header
                0x002050f8                iphc_prependIPv6HopByHopHeader
                0x00205184                iphc_retrieveIPv6HopByHopHeader
 .text          0x00205280      0x1a0 build\cc2538em_armgcc\openwsn\libopenstack.a(openbridge.o)
                0x00205280                openbridge_init
                0x0020528c                openbridge_triggerData
                0x0020538c                openbridge_sendDone
                0x002053c0                openbridge_receive
 .text          0x00205420      0x604 build\cc2538em_armgcc\openwsn\libopenstack.a(forwarding.o)
                0x00205420                forwarding_init
                0x0020542c                forwarding_send
                0x002054b8                forwarding_sendDone
                0x00205534                forwarding_receive
                0x002056a4                forwarding_getNextHop
                0x00205708                forwarding_send_internal_RoutingTable
                0x00205758                forwarding_send_internal_SourceRouting
                0x002059e8                forwarding_createRplOption
 .text          0x00205a24       0xe8 build\cc2538em_armgcc\openwsn\libopenstack.a(icmpv6.o)
                0x00205a24                icmpv6_init
                0x00205a30                icmpv6_send
                0x00205a54                icmpv6_sendDone
                0x00205ab0                icmpv6_receive
 .text          0x00205b0c      0x284 build\cc2538em_armgcc\openwsn\libopenstack.a(icmpv6echo.o)
                0x00205b0c                icmpv6echo_init
                0x00205b28                icmpv6echo_trigger
                0x00205c40                icmpv6echo_sendDone
                0x00205c7c                icmpv6echo_receive
 .text          0x00205d90      0x69c build\cc2538em_armgcc\openwsn\libopenstack.a(icmpv6rpl.o)
                0x00205d90                icmpv6rpl_init
                0x00205ec4                icmpv6rpl_getRPLIntanceID
                0x00205edc                icmpv6rpl_sendDone
                0x00205f18                icmpv6rpl_receive
                0x00205fd4                icmpv6rpl_timer_DIO_cb
                0x00205fe8                icmpv6rpl_timer_DIO_task
                0x00206050                sendDIO
                0x0020617c                icmpv6rpl_timer_DAO_cb
                0x00206190                icmpv6rpl_timer_DAO_task
                0x00206200                sendDAO
 .text          0x0020642c      0x6d8 build\cc2538em_armgcc\openwsn\libopenstack.a(opencoap.o)
                0x0020642c                opencoap_init
                0x00206448                opencoap_receive
                0x002068e4                opencoap_sendDone
                0x00206958                opencoap_writeLinks
                0x00206a1c                opencoap_register
                0x00206a64                opencoap_send
 .text          0x00206b04     0x10e4 build\cc2538em_armgcc\openwsn\libopenstack.a(opentcp.o)
                0x00206b04                opentcp_init
                0x00206b1c                opentcp_connect
                0x00206be8                opentcp_send
                0x00206cb8                opentcp_sendDone
                0x00206ef8                opentcp_receive
                0x00207878                opentcp_close
                0x00207928                tcp_debugPrint
                0x00207938                timers_tcp_fired
                0x00207944                prependTCPHeader
                0x00207a74                containsControlBits
                0x00207b30                opentcp_reset
                0x00207b6c                tcp_change_state
                0x00207bd4                opentcp_timer_cb
 .text          0x00207be8      0x318 build\cc2538em_armgcc\openwsn\libopenstack.a(openudp.o)
                0x00207be8                openudp_init
                0x00207bf4                openudp_send
                0x00207c74                openudp_sendDone
                0x00207d20                openudp_receive
                0x00207ef0                openudp_debugPrint
 .text          0x00207f00      0x358 build\cc2538em_armgcc\openwsn\libopenstack.a(r6t.o)
                0x00207f00                r6t_init
                0x00207f54                r6t_receive
                0x00208240                r6t_sendDone
 .text          0x00208258      0x250 build\cc2538em_armgcc\openwsn\libopenstack.a(ohlone.o)
                0x00208258                ohlone_init
                0x00208278                ohlone_shouldIlisten
                0x00208288                ohlone_sendpkt
                0x0020834c                ohlone_check4chars
                0x002083a8                ohlone_receive
                0x0020844c                ohlone_sendDone
                0x00208484                ohlone_connectDone
                0x00208498                ohlone_debugPrint
 .text          0x002084a8      0x238 build\cc2538em_armgcc\openwsn\libopenstack.a(ohlone_webpages.o)
                0x002084a8                ohlone_webpages_init
                0x002084b4                ohlone_webpage
                0x00208518                ohlone_replace_digit
                0x00208558                ohlone_line_replace16
                0x002085dc                ohlone_insert3sensors
                0x00208688                ohlone_insert4sensors
 .text          0x002086e0      0x184 build\cc2538em_armgcc\openwsn\libopenstack.a(rinfo.o)
                0x002086e0                rinfo_init
                0x00208734                rinfo_receive
                0x0020884c                rinfo_sendDone
 .text          0x00208864       0xfc build\cc2538em_armgcc\openwsn\libopenstack.a(rrt.o)
                0x00208864                rrt_init
                0x002088b8                rrt_receive
                0x00208948                rrt_sendDone
 .text          0x00208960      0x118 build\cc2538em_armgcc\openwsn\libopenstack.a(rleds.o)
                0x00208960                rleds__init
                0x002089a8                rleds_receive
                0x00208a60                rleds_sendDone
 .text          0x00208a78       0xe0 build\cc2538em_armgcc\openwsn\libopenstack.a(rwellknown.o)
                0x00208a78                rwellknown_init
                0x00208ad0                rwellknown_receive
                0x00208b40                rwellknown_sendDone
 .text          0x00208b58       0xc0 build\cc2538em_armgcc\openwsn\libopenstack.a(tcpecho.o)
                0x00208b58                tcpecho_init
                0x00208b64                tcpecho_shouldIlisten
                0x00208b74                tcpecho_receive
                0x00208bbc                tcpecho_sendDone
                0x00208bf4                tcpecho_connectDone
                0x00208c08                tcpecho_debugPrint
 .text          0x00208c18      0x1e0 build\cc2538em_armgcc\openwsn\libopenstack.a(tcpinject.o)
                0x00208c18                tcpinject_init
                0x00208c24                tcpinject_shouldIlisten
                0x00208c34                tcpinject_trigger
                0x00208ca8                tcpinject_connectDone
                0x00208d9c                tcpinject_sendDone
                0x00208dd4                tcpinject_receive
                0x00208de8                tcpinject_debugPrint
 .text          0x00208df8       0x80 build\cc2538em_armgcc\openwsn\libopenstack.a(tcpprint.o)
                0x00208df8                tcpprint_init
                0x00208e04                tcpprint_shouldIlisten
                0x00208e14                tcpprint_receive
                0x00208e3c                tcpprint_connectDone
                0x00208e50                tcpprint_sendDone
                0x00208e68                tcpprint_debugPrint
 .text          0x00208e78       0xd8 build\cc2538em_armgcc\openwsn\libopenstack.a(udpecho.o)
                0x00208e78                udpecho_init
                0x00208e84                udpecho_receive
                0x00208f28                udpecho_sendDone
                0x00208f40                udpecho_debugPrint
 .text          0x00208f50      0x14c build\cc2538em_armgcc\openwsn\libopenstack.a(udpinject.o)
                0x00208f50                udpinject_init
                0x00208f5c                udpinject_trigger
                0x00209044                udpinject_sendDone
                0x00209078                udpinject_receive
                0x0020908c                udpinject_debugPrint
 .text          0x0020909c       0x64 build\cc2538em_armgcc\openwsn\libopenstack.a(udpprint.o)
                0x0020909c                udpprint_init
                0x002090a8                udpprint_receive
                0x002090cc                udpprint_sendDone
                0x002090f0                udpprint_debugPrint
 .text          0x00209100      0x190 build\cc2538em_armgcc\openwsn\libopenstack.a(udprand.o)
                0x00209100                udprand_init
                0x00209140                udprand_task
                0x00209234                udprand_timer
                0x00209248                udprand_sendDone
                0x0020927c                udprand_receive
 .text          0x00209290      0x25c build\cc2538em_armgcc\openwsn\libopenstack.a(udplatency.o)
                0x00209290                udplatency_init
                0x002092c0                udplatency_task
                0x00209490                udplatency_timer
                0x002094a4                udplatency_sendDone
                0x002094d8                udplatency_receive
 .text          0x002094ec      0x498 build\cc2538em_armgcc\openwsn\libopenstack.a(idmanager.o)
                0x002094ec                idmanager_init
                0x00209550                idmanager_getIsDAGroot
                0x00209574                idmanager_setIsDAGroot
                0x0020959c                idmanager_getIsBridge
                0x002095c0                idmanager_setIsBridge
                0x002095e4                idmanager_getMyID
                0x00209660                idmanager_setMyID
                0x00209728                idmanager_isMyAddress
                0x00209814                idmanager_triggerAboutRoot
                0x00209884                idmanager_triggerAboutBridge
                0x002098f4                debugPrint_id
 .text          0x00209984      0x500 build\cc2538em_armgcc\openwsn\libopenstack.a(openqueue.o)
                0x00209984                openqueue_init
                0x002099b8                debugPrint_queue
                0x00209a24                openqueue_getFreePacketBuffer
                0x00209ab4                openqueue_freePacketBuffer
                0x00209b3c                openqueue_removeAllCreatedBy
                0x00209b90                openqueue_removeAllOwnedBy
                0x00209be4                openqueue_resGetSentPacket
                0x00209c48                openqueue_resGetReceivedPacket
                0x00209cac                openqueue_macGetDataPacket
                0x00209da8                openqueue_macGetAdvPacket
                0x00209e28                openqueue_reset_entry
 .text          0x00209e84       0xb4 build\cc2538em_armgcc\openwsn\libopenstack.a(openrandom.o)
                0x00209e84                openrandom_init
                0x00209ec4                openrandom_get16b
 .text          0x00209f38      0x9b8 build\cc2538em_armgcc\openwsn\libopenstack.a(packetfunctions.o)
                0x00209f38                packetfunctions_ip128bToMac64b
                0x00209f9c                packetfunctions_mac64bToIp128b
                0x0020a004                packetfunctions_mac64bToMac16b
                0x0020a04c                packetfunctions_mac16bToMac64b
                0x0020a0b8                packetfunctions_isBroadcastMulticast
                0x0020a134                packetfunctions_isAllRoutersMulticast
                0x0020a1d8                packetfunctions_isAllHostsMulticast
                0x0020a27c                packetfunctions_sameAddress
                0x0020a310                packetfunctions_readAddress
                0x0020a3b4                packetfunctions_writeAddress
                0x0020a468                packetfunctions_reserveHeaderSize
                0x0020a4b0                packetfunctions_tossHeader
                0x0020a4f8                packetfunctions_reserveFooterSize
                0x0020a534                packetfunctions_tossFooter
                0x0020a56c                packetfunctions_calculateCRC
                0x0020a608                packetfunctions_checkCRC
                0x0020a6b8                packetfunctions_calculateChecksum
                0x0020a78c                onesComplementSum
                0x0020a81c                packetfunctions_htons
                0x0020a848                packetfunctions_ntohs
                0x0020a870                packetfunctions_htonl
                0x0020a8b8                packetfunctions_ntohl
 .text          0x0020a8f0      0x464 build\cc2538em_armgcc\openwsn\libopenstack.a(IEEE802154.o)
                0x0020a8f0                ieee802154_prependHeader
                0x0020aa4c                ieee802154_retrieveHeader
 .text          0x0020ad54       0x18 build\cc2538em_armgcc\openwsn\libopenstack.a(topology.o)
                0x0020ad54                topology_isAcceptablePacket
 .text          0x0020ad6c      0x134 build\cc2538em_armgcc\kernel\openos\libopenos.a(scheduler.o)
                0x0020ad6c                scheduler_init
                0x0020ad90                scheduler_start
                0x0020adec                scheduler_push_task
 .text          0x0020aea0      0x9ec build\cc2538em_armgcc\drivers\libdrivers.a(openserial.o)
                0x0020aea0                openserial_init
                0x0020af54                openserial_printStatus
                0x0020afdc                openserial_printInfoErrorCritical
                0x0020b078                openserial_printData
                0x0020b124                openserial_printInfo
                0x0020b14c                openserial_printError
                0x0020b178                openserial_printCritical
                0x0020b1b8                openserial_getNumDataBytes
                0x0020b1e0                openserial_getInputBuffer
                0x0020b244                openserial_startInput
                0x0020b2ac                openserial_startOutput
                0x0020b3f4                openserial_stop
                0x0020b524                debugPrint_outBufferIndexes
                0x0020b55c                outputHdlcOpen
                0x0020b590                outputHdlcWrite
                0x0020b608                outputHdlcClose
                0x0020b654                inputHdlcOpen
                0x0020b674                inputHdlcWrite
                0x0020b6dc                inputHdlcClose
                0x0020b70c                isr_openserial_tx
                0x0020b790                isr_openserial_rx
                0x0020b85c                openserial_echo
 .text          0x0020b88c      0x958 build\cc2538em_armgcc\drivers\libdrivers.a(opentimers.o)
                0x0020b88c                opentimers_init
                0x0020b938                opentimers_start
                0x0020bb44                opentimers_setPeriod
                0x0020bc54                opentimers_stop
                0x0020bc80                opentimers_restart
                0x0020bcac                opentimers_timer_callback
                0x0020bf64                opentimers_sleepTimeCompesation
 .text          0x0020c1e4       0x38 build\cc2538em_armgcc\drivers\libdrivers.a(openhdlc.o)
                0x0020c1e4                crcIteration
 .text          0x0020c21c      0x334 build\cc2538em_armgcc\bsp\boards\cc2538em\libbsp.a(board.o)
                0x0020c21c                main
                0x0020c22c                board_init
                0x0020c264                button_init
                0x0020c29c                GPIO_C_Isr_Handler
                0x0020c2b4                antenna_init
                0x0020c2e4                antenna_external
                0x0020c304                antenna_internal
                0x0020c324                board_sleep
                0x0020c334                board_reset
 .text          0x0020c550      0x128 build\cc2538em_armgcc\bsp\boards\cc2538em\libbsp.a(bsp_timer.o)
                0x0020c550                bsp_timer_init
                0x0020c570                bsp_timer_set_callback
                0x0020c58c                bsp_timer_reset
                0x0020c5a8                bsp_timer_scheduleIn
                0x0020c630                bsp_timer_cancel_schedule
                0x0020c63c                bsp_timer_get_currentValue
                0x0020c64c                bsp_timer_isr_private
                0x0020c664                bsp_timer_isr
 .text          0x0020c678      0x1d4 build\cc2538em_armgcc\bsp\boards\cc2538em\libbsp.a(debugpins.o)
                0x0020c678                debugpins_init
                0x0020c6ac                debugpins_frame_toggle
                0x0020c6c0                debugpins_frame_clr
                0x0020c6d4                debugpins_frame_set
                0x0020c6e8                debugpins_slot_toggle
                0x0020c6fc                debugpins_slot_clr
                0x0020c710                debugpins_slot_set
                0x0020c724                debugpins_fsm_toggle
                0x0020c738                debugpins_fsm_clr
                0x0020c74c                debugpins_fsm_set
                0x0020c760                debugpins_task_toggle
                0x0020c774                debugpins_task_clr
                0x0020c788                debugpins_task_set
                0x0020c79c                debugpins_isr_toggle
                0x0020c7b0                debugpins_isr_clr
                0x0020c7c4                debugpins_isr_set
                0x0020c7d8                debugpins_radio_toggle
                0x0020c7ec                debugpins_radio_clr
                0x0020c800                debugpins_radio_set
                0x0020c814                bspDBpinToggle
 .text          0x0020c84c       0x58 build\cc2538em_armgcc\bsp\boards\cc2538em\libbsp.a(eui64.o)
                0x0020c84c                eui64_get
 .text          0x0020c8a4      0x268 build\cc2538em_armgcc\bsp\boards\cc2538em\libbsp.a(leds.o)
                0x0020c8a4                leds_init
                0x0020c8c0                leds_error_on
                0x0020c8cc                leds_error_off
                0x0020c8d8                leds_error_toggle
                0x0020c8e4                leds_error_isOn
                0x0020c90c                leds_radio_on
                0x0020c918                leds_radio_off
                0x0020c924                leds_radio_toggle
                0x0020c930                leds_radio_isOn
                0x0020c958                leds_sync_on
                0x0020c964                leds_sync_off
                0x0020c970                leds_sync_toggle
                0x0020c97c                leds_sync_isOn
                0x0020c9a4                leds_debug_on
                0x0020c9b0                leds_debug_off
                0x0020c9bc                leds_debug_toggle
                0x0020c9c8                leds_debug_isOn
                0x0020c9f0                leds_all_on
                0x0020c9fc                leds_all_off
                0x0020ca08                leds_all_toggle
                0x0020ca14                leds_error_blink
                0x0020ca74                leds_circular_shift
                0x0020ca80                leds_increment
                0x0020ca8c                bspLedSet
                0x0020cab0                bspLedClear
                0x0020cad0                bspLedToggle
 .text          0x0020cb0c      0x674 build\cc2538em_armgcc\bsp\boards\cc2538em\libbsp.a(radio.o)
                0x0020cb0c                radio_init
                0x0020cc54                radio_setOverflowCb
                0x0020cc68                radio_setCompareCb
                0x0020cc7c                radio_setStartFrameCb
                0x0020cc98                radio_setEndFrameCb
                0x0020ccb4                radio_reset
                0x0020cd00                radio_startTimer
                0x0020cd14                radio_getTimerValue
                0x0020cd24                radio_setTimerPeriod
                0x0020cd38                radio_getTimerPeriod
                0x0020cd48                radio_setFrequency
                0x0020cd90                radio_rfOn
                0x0020cd9c                radio_rfOff
                0x0020cdc4                radio_loadPacket
                0x0020ce3c                radio_txEnable
                0x0020ce5c                radio_txNow
                0x0020ceac                radio_rxEnable
                0x0020cecc                radio_rxNow
                0x0020cf00                radio_getReceivedFrame
                0x0020cfc4                enable_radio_interrupts
                0x0020cff0                disable_radio_interrupts
                0x0020d010                radio_on
                0x0020d028                radio_off
                0x0020d068                radio_isr
                0x0020d14c                radio_error_isr
 .text          0x0020d180      0x3e8 build\cc2538em_armgcc\bsp\boards\cc2538em\libbsp.a(radiotimer.o)
                0x0020d180                radiotimer_init
                0x0020d194                radiotimer_setOverflowCb
                0x0020d1b0                radiotimer_setCompareCb
                0x0020d1cc                radiotimer_setStartFrameCb
                0x0020d1d8                radiotimer_setEndFrameCb
                0x0020d1e4                radiotimer_start
                0x0020d2ac                radiotimer_getValue
                0x0020d2f8                radiotimer_setPeriod
                0x0020d340                radiotimer_getPeriod
                0x0020d38c                radiotimer_schedule
                0x0020d3f0                radiotimer_cancel
                0x0020d440                radiotimer_getCapturedTime
                0x0020d48c                get_real_counter
                0x0020d4cc                radiotimer_isr_private
                0x0020d4e0                radiotimer_isr
 .text          0x0020d568       0x8c build\cc2538em_armgcc\bsp\boards\cc2538em\libbsp.a(startup_gcc.o)
                0x0020d568                NmiSR
                0x0020d574                FaultISR
                0x0020d57c                IntDefaultHandler
                0x0020d584                ResetISR
 .text          0x0020d5f4      0x1d0 build\cc2538em_armgcc\bsp\boards\cc2538em\libbsp.a(uart.o)
                0x0020d5f4                uart_init
                0x0020d68c                uart_setCallbacks
                0x0020d6b0                uart_enableInterrupts
                0x0020d6c4                uart_disableInterrupts
                0x0020d6d8                uart_clearRxInterrupts
                0x0020d6ec                uart_clearTxInterrupts
                0x0020d700                uart_writeByte
                0x0020d720                uart_readByte
                0x0020d784                uart_tx_isr
                0x0020d7a4                uart_rx_isr
 .text          0x0020d7c4      0x820 build\cc2538em_armgcc\bsp\boards\cc2538em\libbsp.a(gpio.o)
                0x0020d7c4                GPIOGetIntNumber
                0x0020d82c                GPIODirModeSet
                0x0020d8a4                GPIODirModeGet
                0x0020d900                GPIOIntTypeSet
                0x0020d9a8                GPIOIntTypeGet
                0x0020da20                GPIOPinIntEnable
                0x0020da4c                GPIOPinIntDisable
                0x0020da78                GPIOPinIntStatus
                0x0020daa8                GPIOPinIntClear
                0x0020dac8                GPIOPortIntRegister
                0x0020daf0                GPIOPortIntUnregister
                0x0020db14                GPIOPinRead
                0x0020db38                GPIOPinWrite
                0x0020db60                GPIOPinTypeGPIOInput
                0x0020db8c                GPIOPinTypeGPIOOutput
                0x0020dbb8                GPIOPinTypeI2C
                0x0020dbe4                GPIOPinTypeSSI
                0x0020dc10                GPIOPinTypeTimer
                0x0020dc3c                GPIOPinTypeUARTInput
                0x0020dc68                GPIOPinTypeUARTOutput
                0x0020dc94                GPIOPowIntTypeSet
                0x0020dd2c                GPIOPowIntTypeGet
                0x0020ddac                GPIOPowIntEnable
                0x0020de24                GPIOPowIntDisable
                0x0020dea0                GPIOPowIntStatus
                0x0020df24                GPIOPowIntClear
                0x0020df9c                GPIOIntWakeupEnable
                0x0020dfc0                GPIOIntWakeupDisable
 .text          0x0020dfe4      0x448 build\cc2538em_armgcc\bsp\boards\cc2538em\libbsp.a(interrupt.o)
                0x0020dfec                IntMasterEnable
                0x0020e004                IntMasterDisable
                0x0020e01c                IntRegister
                0x0020e080                IntUnregister
                0x0020e0a4                IntPriorityGroupingSet
                0x0020e0d4                IntPriorityGroupingGet
                0x0020e11c                IntPrioritySet
                0x0020e17c                IntPriorityGet
                0x0020e1b0                IntEnable
                0x0020e240                IntDisable
                0x0020e2d0                IntPendSet
                0x0020e348                IntPendClear
                0x0020e3ac                IntPriorityMaskSet
                0x0020e3c0                IntPriorityMaskGet
                0x0020e3d0                IntAltMapEnable
                0x0020e3ec                IntAltMapDisable
                0x0020e408                IntAltMapIsEnabled
 .text          0x0020e42c      0x56c build\cc2538em_armgcc\bsp\boards\cc2538em\libbsp.a(ioc.o)
                0x0020e42c                IOCPinConfigPeriphOutput
                0x0020e4f4                IOCPinConfigPeriphInput
                0x0020e6a0                IOCPadConfigSet
                0x0020e76c                IOCPadConfigGet
 .text          0x0020e998      0x1b4 build\cc2538em_armgcc\bsp\boards\cc2538em\libbsp.a(sleepmode.o)
                0x0020e998                SleepModeIntRegister
                0x0020e9b4                SleepModeIntUnregister
                0x0020e9c8                SleepModeTimerCountGet
                0x0020ea18                SleepModeCaptureConfig
                0x0020ea50                SleepModeTimerCompareSet
                0x0020eaa8                SleepModeCaptureGet
                0x0020eaf8                SleepModeCaptureIsValid
                0x0020eb24                SleepModeCaptureNew
 .text          0x0020eb4c      0x658 build\cc2538em_armgcc\bsp\boards\cc2538em\libbsp.a(sys_ctrl.o)
                0x0020eb4c                SysCtrlClockSet
                0x0020ec08                SysCtrlClockGet
                0x0020ecb0                SysCtrlIOClockSet
                0x0020ece4                SysCtrlIOClockGet
                0x0020ed90                SysCtrlDelay
                0x0020ed98                SysCtrlReset
                0x0020eda8                SysCtrlSleep
                0x0020edb4                SysCtrlDeepSleep
                0x0020ee90                SysCtrlPeripheralPresent
                0x0020ef0c                SysCtrlPeripheralReset
                0x0020ef94                SysCtrlPeripheralEnable
                0x0020efd8                SysCtrlPeripheralDisable
                0x0020f020                SysCtrlPeripheralSleepEnable
                0x0020f064                SysCtrlPeripheralSleepDisable
                0x0020f0ac                SysCtrlPeripheralDeepSleepEnable
                0x0020f0f0                SysCtrlPeripheralDeepSleepDisable
                0x0020f138                SysCtrlPowerModeSet
                0x0020f154                SysCtrlPowerModeGet
                0x0020f17c                SysCtrlClockLossDetectEnable
 .text          0x0020f1a4      0x6f0 build\cc2538em_armgcc\bsp\boards\cc2538em\libbsp.a(uarthal.o)
                0x0020f1a4                UARTParityModeSet
                0x0020f1cc                UARTParityModeGet
                0x0020f1ec                UARTFIFOLevelSet
                0x0020f210                UARTFIFOLevelGet
                0x0020f244                UARTConfigSetExpClk
                0x0020f2c8                UARTConfigGetExpClk
                0x0020f32c                UARTEnable
                0x0020f364                UARTDisable
                0x0020f3ac                UARTFIFOEnable
                0x0020f3d0                UARTFIFODisable
                0x0020f3f4                UARTEnableSIR
                0x0020f434                UARTDisableSIR
                0x0020f458                UARTTxIntModeSet
                0x0020f480                UARTTxIntModeGet
                0x0020f4a0                UARTCharsAvail
                0x0020f4c8                UARTSpaceAvail
                0x0020f4f0                UARTCharGetNonBlocking
                0x0020f51c                UARTCharGet
                0x0020f544                UARTCharPutNonBlocking
                0x0020f578                UARTCharPut
                0x0020f5a4                UARTBreakCtl
                0x0020f5e0                UARTBusy
                0x0020f608                UARTIntRegister
                0x0020f63c                UARTIntUnregister
                0x0020f66c                UARTIntEnable
                0x0020f690                UARTIntDisable
                0x0020f6b8                UARTIntStatus
                0x0020f6e4                UARTIntClear
                0x0020f700                UARTDMAEnable
                0x0020f724                UARTDMADisable
                0x0020f74c                UARTRxErrorGet
                0x0020f76c                UARTRxErrorClear
                0x0020f788                UARTClockSourceSet
                0x0020f7a8                UARTClockSourceGet
                0x0020f7c4                UART9BitEnable
                0x0020f7e8                UART9BitDisable
                0x0020f80c                UART9BitAddrSet
                0x0020f838                UART9BitAddrSend
 .text          0x0020f894       0x4c build\cc2538em_armgcc\bsp\boards\cc2538em\libbsp.a(cpu.o)
                0x0020f894                CPUcpsid
                0x0020f8a4                CPUprimask
                0x0020f8b0                CPUcpsie
                0x0020f8c0                CPUwfi
                0x0020f8c4                CPUwfe
                0x0020f8c8                CPUsev
                0x0020f8cc                CPUbasepriSet
                0x0020f8d4                CPUbasepriGet
 .text          0x0020f8e0      0x21c d:/apps/gnu_arm_toolchain/4.8_2013q4/bin/../lib/gcc/arm-none-eabi/4.8.3/armv7-m\libgcc.a(_arm_addsubsf3.o)
                0x0020f8e0                __aeabi_frsub
                0x0020f8e8                __subsf3
                0x0020f8e8                __aeabi_fsub
                0x0020f8ec                __aeabi_fadd
                0x0020f8ec                __addsf3
                0x0020fa4c                __aeabi_ui2f
                0x0020fa4c                __floatunsisf
                0x0020fa54                __aeabi_i2f
                0x0020fa54                __floatsisf
                0x0020fa70                __aeabi_ul2f
                0x0020fa70                __floatundisf
                0x0020fa80                __aeabi_l2f
                0x0020fa80                __floatdisf
 .text          0x0020fafc      0x2a0 d:/apps/gnu_arm_toolchain/4.8_2013q4/bin/../lib/gcc/arm-none-eabi/4.8.3/armv7-m\libgcc.a(_arm_muldivsf3.o)
                0x0020fafc                __mulsf3
                0x0020fafc                __aeabi_fmul
                0x0020fc64                __aeabi_fdiv
                0x0020fc64                __divsf3
 .text          0x0020fd9c       0x40 d:/apps/gnu_arm_toolchain/4.8_2013q4/bin/../lib/gcc/arm-none-eabi/4.8.3/armv7-m\libgcc.a(_arm_fixunssfsi.o)
                0x0020fd9c                __fixunssfsi
                0x0020fd9c                __aeabi_f2uiz
 .text          0x0020fddc        0x0 d:/apps/gnu_arm_toolchain/4.8_2013q4/bin/../lib/gcc/arm-none-eabi/4.8.3/../../../../arm-none-eabi/lib/armv7-m\libg.a(lib_a-memcmp.o)
 .text.memcmp   0x0020fddc       0x68 d:/apps/gnu_arm_toolchain/4.8_2013q4/bin/../lib/gcc/arm-none-eabi/4.8.3/../../../../arm-none-eabi/lib/armv7-m\libg.a(lib_a-memcmp.o)
                0x0020fddc                memcmp
 .text          0x0020fe44       0xec d:/apps/gnu_arm_toolchain/4.8_2013q4/bin/../lib/gcc/arm-none-eabi/4.8.3/../../../../arm-none-eabi/lib/armv7-m\libg.a(lib_a-memcpy.o)
                0x0020fe44                memcpy
 .text          0x0020ff30        0x0 d:/apps/gnu_arm_toolchain/4.8_2013q4/bin/../lib/gcc/arm-none-eabi/4.8.3/../../../../arm-none-eabi/lib/armv7-m\libg.a(lib_a-memset.o)
 .text.memset   0x0020ff30       0x94 d:/apps/gnu_arm_toolchain/4.8_2013q4/bin/../lib/gcc/arm-none-eabi/4.8.3/../../../../arm-none-eabi/lib/armv7-m\libg.a(lib_a-memset.o)
                0x0020ff30                memset
 *(.rodata*)
 .rodata        0x0020ffc4       0x30 firmware\openos\projects\common\03oos_openwsn\03oos_openwsn.o
 .rodata        0x0020fff4       0x80 build\cc2538em_armgcc\openwsn\libopenstack.a(openwsn.o)
 .rodata        0x00210074       0x40 build\cc2538em_armgcc\openwsn\libopenstack.a(IEEE802154E.o)
 .rodata        0x002100b4       0x40 build\cc2538em_armgcc\openwsn\libopenstack.a(adaptive_sync.o)
 .rodata        0x002100f4       0x40 build\cc2538em_armgcc\openwsn\libopenstack.a(neighbors.o)
 .rodata        0x00210134       0x40 build\cc2538em_armgcc\openwsn\libopenstack.a(res.o)
 .rodata        0x00210174       0x30 build\cc2538em_armgcc\openwsn\libopenstack.a(schedule.o)
 .rodata        0x002101a4       0x40 build\cc2538em_armgcc\openwsn\libopenstack.a(iphc.o)
 .rodata        0x002101e4       0x30 build\cc2538em_armgcc\openwsn\libopenstack.a(openbridge.o)
 .rodata        0x00210214       0x40 build\cc2538em_armgcc\openwsn\libopenstack.a(forwarding.o)
 .rodata        0x00210254       0x40 build\cc2538em_armgcc\openwsn\libopenstack.a(icmpv6.o)
 .rodata        0x00210294       0x30 build\cc2538em_armgcc\openwsn\libopenstack.a(icmpv6echo.o)
 .rodata        0x002102c4       0x40 build\cc2538em_armgcc\openwsn\libopenstack.a(icmpv6rpl.o)
 .rodata        0x00210304       0x70 build\cc2538em_armgcc\openwsn\libopenstack.a(opencoap.o)
 .rodata        0x00210374       0x30 build\cc2538em_armgcc\openwsn\libopenstack.a(opentcp.o)
 .rodata        0x002103a4       0x70 build\cc2538em_armgcc\openwsn\libopenstack.a(openudp.o)
 .rodata        0x00210414       0x74 build\cc2538em_armgcc\openwsn\libopenstack.a(r6t.o)
                0x00210484                r6t_path0
 .rodata        0x00210488       0x40 build\cc2538em_armgcc\openwsn\libopenstack.a(ohlone.o)
 .rodata        0x002104c8       0x48 build\cc2538em_armgcc\openwsn\libopenstack.a(ohlone_webpages.o)
 .rodata        0x00210510       0x74 build\cc2538em_armgcc\openwsn\libopenstack.a(rinfo.o)
                0x00210580                rinfo_path0
 .rodata        0x00210584       0x74 build\cc2538em_armgcc\openwsn\libopenstack.a(rrt.o)
                0x002105f4                rrt_path0
 .rodata        0x002105f8       0x74 build\cc2538em_armgcc\openwsn\libopenstack.a(rleds.o)
                0x00210668                rleds_path0
 .rodata        0x0021066c       0x84 build\cc2538em_armgcc\openwsn\libopenstack.a(rwellknown.o)
                0x002106dc                rwellknown_path0
                0x002106e8                rwellknown_path1
 .rodata        0x002106f0       0x30 build\cc2538em_armgcc\openwsn\libopenstack.a(tcpecho.o)
 .rodata        0x00210720       0x30 build\cc2538em_armgcc\openwsn\libopenstack.a(tcpinject.o)
 .rodata        0x00210750       0x30 build\cc2538em_armgcc\openwsn\libopenstack.a(tcpprint.o)
 .rodata        0x00210780       0x30 build\cc2538em_armgcc\openwsn\libopenstack.a(udpecho.o)
 .rodata        0x002107b0       0x30 build\cc2538em_armgcc\openwsn\libopenstack.a(udpinject.o)
 .rodata        0x002107e0       0x30 build\cc2538em_armgcc\openwsn\libopenstack.a(udpprint.o)
 .rodata        0x00210810       0x70 build\cc2538em_armgcc\openwsn\libopenstack.a(udprand.o)
 .rodata        0x00210880       0x80 build\cc2538em_armgcc\openwsn\libopenstack.a(udplatency.o)
 .rodata        0x00210900       0x40 build\cc2538em_armgcc\openwsn\libopenstack.a(idmanager.o)
 .rodata        0x00210940       0x30 build\cc2538em_armgcc\openwsn\libopenstack.a(openqueue.o)
 .rodata        0x00210970       0x30 build\cc2538em_armgcc\openwsn\libopenstack.a(openrandom.o)
 .rodata        0x002109a0       0x30 build\cc2538em_armgcc\openwsn\libopenstack.a(packetfunctions.o)
 .rodata        0x002109d0       0x30 build\cc2538em_armgcc\openwsn\libopenstack.a(IEEE802154.o)
 .rodata        0x00210a00       0x30 build\cc2538em_armgcc\openwsn\libopenstack.a(topology.o)
 .rodata        0x00210a30       0x30 build\cc2538em_armgcc\kernel\openos\libopenos.a(scheduler.o)
 .rodata        0x00210a60      0x240 build\cc2538em_armgcc\drivers\libdrivers.a(openserial.o)
 .rodata        0x00210ca0       0x30 build\cc2538em_armgcc\drivers\libdrivers.a(opentimers.o)
 .rodata        0x00210cd0      0x230 build\cc2538em_armgcc\drivers\libdrivers.a(openhdlc.o)
 .rodata        0x00210f00       0x24 build\cc2538em_armgcc\bsp\boards\cc2538em\libbsp.a(board.o)
 .rodata        0x00210f24       0x24 build\cc2538em_armgcc\bsp\boards\cc2538em\libbsp.a(bsp_timer.o)
 .rodata        0x00210f48       0x24 build\cc2538em_armgcc\bsp\boards\cc2538em\libbsp.a(debugpins.o)
 .rodata        0x00210f6c       0x24 build\cc2538em_armgcc\bsp\boards\cc2538em\libbsp.a(leds.o)
 .rodata        0x00210f90       0x24 build\cc2538em_armgcc\bsp\boards\cc2538em\libbsp.a(radio.o)
 .rodata        0x00210fb4       0x24 build\cc2538em_armgcc\bsp\boards\cc2538em\libbsp.a(radiotimer.o)
 .rodata        0x00210fd8       0x24 build\cc2538em_armgcc\bsp\boards\cc2538em\libbsp.a(uart.o)
 .rodata        0x00210ffc      0x114 build\cc2538em_armgcc\bsp\boards\cc2538em\libbsp.a(interrupt.o)
 .rodata        0x00211110      0x100 build\cc2538em_armgcc\bsp\boards\cc2538em\libbsp.a(ioc.o)
 .rodata        0x00211210       0x74 build\cc2538em_armgcc\bsp\boards\cc2538em\libbsp.a(sys_ctrl.o)
                0x00211284                _etext = .

.glue_7         0x00211284        0x0
 .glue_7        0x00000000        0x0 linker stubs

.glue_7t        0x00211284        0x0
 .glue_7t       0x00000000        0x0 linker stubs

.vfp11_veneer   0x00211284        0x0
 .vfp11_veneer  0x00000000        0x0 linker stubs

.v4_bx          0x00211284        0x0
 .v4_bx         0x00000000        0x0 linker stubs

.iplt           0x00211284        0x0
 .iplt          0x00000000        0x0 firmware\openos\projects\common\03oos_openwsn\03oos_openwsn.o

.data           0x20004000      0x400 load address 0x00211284
                0x20004000                _data = .
 *(vtable)
 vtable         0x20004000      0x400 build\cc2538em_armgcc\bsp\boards\cc2538em\libbsp.a(interrupt.o)
 *(.data*)
 .data          0x20004400        0x0 firmware\openos\projects\common\03oos_openwsn\03oos_openwsn.o
 .data          0x20004400        0x0 build\cc2538em_armgcc\openwsn\libopenstack.a(openwsn.o)
 .data          0x20004400        0x0 build\cc2538em_armgcc\openwsn\libopenstack.a(IEEE802154E.o)
 .data          0x20004400        0x0 build\cc2538em_armgcc\openwsn\libopenstack.a(adaptive_sync.o)
 .data          0x20004400        0x0 build\cc2538em_armgcc\openwsn\libopenstack.a(neighbors.o)
 .data          0x20004400        0x0 build\cc2538em_armgcc\openwsn\libopenstack.a(res.o)
 .data          0x20004400        0x0 build\cc2538em_armgcc\openwsn\libopenstack.a(schedule.o)
 .data          0x20004400        0x0 build\cc2538em_armgcc\openwsn\libopenstack.a(iphc.o)
 .data          0x20004400        0x0 build\cc2538em_armgcc\openwsn\libopenstack.a(openbridge.o)
 .data          0x20004400        0x0 build\cc2538em_armgcc\openwsn\libopenstack.a(forwarding.o)
 .data          0x20004400        0x0 build\cc2538em_armgcc\openwsn\libopenstack.a(icmpv6.o)
 .data          0x20004400        0x0 build\cc2538em_armgcc\openwsn\libopenstack.a(icmpv6echo.o)
 .data          0x20004400        0x0 build\cc2538em_armgcc\openwsn\libopenstack.a(icmpv6rpl.o)
 .data          0x20004400        0x0 build\cc2538em_armgcc\openwsn\libopenstack.a(opencoap.o)
 .data          0x20004400        0x0 build\cc2538em_armgcc\openwsn\libopenstack.a(opentcp.o)
 .data          0x20004400        0x0 build\cc2538em_armgcc\openwsn\libopenstack.a(openudp.o)
 .data          0x20004400        0x0 build\cc2538em_armgcc\openwsn\libopenstack.a(r6t.o)
 .data          0x20004400        0x0 build\cc2538em_armgcc\openwsn\libopenstack.a(ohlone.o)
 .data          0x20004400        0x0 build\cc2538em_armgcc\openwsn\libopenstack.a(ohlone_webpages.o)
 .data          0x20004400        0x0 build\cc2538em_armgcc\openwsn\libopenstack.a(rinfo.o)
 .data          0x20004400        0x0 build\cc2538em_armgcc\openwsn\libopenstack.a(rrt.o)
 .data          0x20004400        0x0 build\cc2538em_armgcc\openwsn\libopenstack.a(rleds.o)
 .data          0x20004400        0x0 build\cc2538em_armgcc\openwsn\libopenstack.a(rwellknown.o)
 .data          0x20004400        0x0 build\cc2538em_armgcc\openwsn\libopenstack.a(tcpecho.o)
 .data          0x20004400        0x0 build\cc2538em_armgcc\openwsn\libopenstack.a(tcpinject.o)
 .data          0x20004400        0x0 build\cc2538em_armgcc\openwsn\libopenstack.a(tcpprint.o)
 .data          0x20004400        0x0 build\cc2538em_armgcc\openwsn\libopenstack.a(udpecho.o)
 .data          0x20004400        0x0 build\cc2538em_armgcc\openwsn\libopenstack.a(udpinject.o)
 .data          0x20004400        0x0 build\cc2538em_armgcc\openwsn\libopenstack.a(udpprint.o)
 .data          0x20004400        0x0 build\cc2538em_armgcc\openwsn\libopenstack.a(udprand.o)
 .data          0x20004400        0x0 build\cc2538em_armgcc\openwsn\libopenstack.a(udplatency.o)
 .data          0x20004400        0x0 build\cc2538em_armgcc\openwsn\libopenstack.a(idmanager.o)
 .data          0x20004400        0x0 build\cc2538em_armgcc\openwsn\libopenstack.a(openqueue.o)
 .data          0x20004400        0x0 build\cc2538em_armgcc\openwsn\libopenstack.a(openrandom.o)
 .data          0x20004400        0x0 build\cc2538em_armgcc\openwsn\libopenstack.a(packetfunctions.o)
 .data          0x20004400        0x0 build\cc2538em_armgcc\openwsn\libopenstack.a(IEEE802154.o)
 .data          0x20004400        0x0 build\cc2538em_armgcc\openwsn\libopenstack.a(topology.o)
 .data          0x20004400        0x0 build\cc2538em_armgcc\kernel\openos\libopenos.a(scheduler.o)
 .data          0x20004400        0x0 build\cc2538em_armgcc\drivers\libdrivers.a(openserial.o)
 .data          0x20004400        0x0 build\cc2538em_armgcc\drivers\libdrivers.a(opentimers.o)
 .data          0x20004400        0x0 build\cc2538em_armgcc\drivers\libdrivers.a(openhdlc.o)
 .data          0x20004400        0x0 build\cc2538em_armgcc\bsp\boards\cc2538em\libbsp.a(board.o)
 .data          0x20004400        0x0 build\cc2538em_armgcc\bsp\boards\cc2538em\libbsp.a(bsp_timer.o)
 .data          0x20004400        0x0 build\cc2538em_armgcc\bsp\boards\cc2538em\libbsp.a(debugpins.o)
 .data          0x20004400        0x0 build\cc2538em_armgcc\bsp\boards\cc2538em\libbsp.a(eui64.o)
 .data          0x20004400        0x0 build\cc2538em_armgcc\bsp\boards\cc2538em\libbsp.a(leds.o)
 .data          0x20004400        0x0 build\cc2538em_armgcc\bsp\boards\cc2538em\libbsp.a(radio.o)
 .data          0x20004400        0x0 build\cc2538em_armgcc\bsp\boards\cc2538em\libbsp.a(radiotimer.o)
 .data          0x20004400        0x0 build\cc2538em_armgcc\bsp\boards\cc2538em\libbsp.a(startup_gcc.o)
 .data          0x20004400        0x0 build\cc2538em_armgcc\bsp\boards\cc2538em\libbsp.a(uart.o)
 .data          0x20004400        0x0 build\cc2538em_armgcc\bsp\boards\cc2538em\libbsp.a(gpio.o)
 .data          0x20004400        0x0 build\cc2538em_armgcc\bsp\boards\cc2538em\libbsp.a(interrupt.o)
 .data          0x20004400        0x0 build\cc2538em_armgcc\bsp\boards\cc2538em\libbsp.a(ioc.o)
 .data          0x20004400        0x0 build\cc2538em_armgcc\bsp\boards\cc2538em\libbsp.a(sleepmode.o)
 .data          0x20004400        0x0 build\cc2538em_armgcc\bsp\boards\cc2538em\libbsp.a(sys_ctrl.o)
 .data          0x20004400        0x0 build\cc2538em_armgcc\bsp\boards\cc2538em\libbsp.a(uarthal.o)
 .data          0x20004400        0x0 build\cc2538em_armgcc\bsp\boards\cc2538em\libbsp.a(cpu.o)
 .data          0x20004400        0x0 d:/apps/gnu_arm_toolchain/4.8_2013q4/bin/../lib/gcc/arm-none-eabi/4.8.3/armv7-m\libgcc.a(_arm_addsubsf3.o)
 .data          0x20004400        0x0 d:/apps/gnu_arm_toolchain/4.8_2013q4/bin/../lib/gcc/arm-none-eabi/4.8.3/armv7-m\libgcc.a(_arm_muldivsf3.o)
 .data          0x20004400        0x0 d:/apps/gnu_arm_toolchain/4.8_2013q4/bin/../lib/gcc/arm-none-eabi/4.8.3/armv7-m\libgcc.a(_arm_fixunssfsi.o)
 .data          0x20004400        0x0 d:/apps/gnu_arm_toolchain/4.8_2013q4/bin/../lib/gcc/arm-none-eabi/4.8.3/../../../../arm-none-eabi/lib/armv7-m\libg.a(lib_a-memcmp.o)
 .data          0x20004400        0x0 d:/apps/gnu_arm_toolchain/4.8_2013q4/bin/../lib/gcc/arm-none-eabi/4.8.3/../../../../arm-none-eabi/lib/armv7-m\libg.a(lib_a-memcpy.o)
 .data          0x20004400        0x0 d:/apps/gnu_arm_toolchain/4.8_2013q4/bin/../lib/gcc/arm-none-eabi/4.8.3/../../../../arm-none-eabi/lib/armv7-m\libg.a(lib_a-memset.o)
                0x20004400                _edata = .

.igot.plt       0x20004400        0x0 load address 0x00211684
 .igot.plt      0x00000000        0x0 firmware\openos\projects\common\03oos_openwsn\03oos_openwsn.o

.ARM.exidx
 *(.ARM.exidx*)

.bss            0x20004400     0x1378
                0x20004400                _bss = .
 *(.bss*)
 .bss           0x20004400        0x0 firmware\openos\projects\common\03oos_openwsn\03oos_openwsn.o
 .bss           0x20004400        0x0 build\cc2538em_armgcc\openwsn\libopenstack.a(openwsn.o)
 .bss           0x20004400        0x0 build\cc2538em_armgcc\openwsn\libopenstack.a(IEEE802154E.o)
 .bss           0x20004400        0x0 build\cc2538em_armgcc\openwsn\libopenstack.a(adaptive_sync.o)
 .bss           0x20004400        0x0 build\cc2538em_armgcc\openwsn\libopenstack.a(neighbors.o)
 .bss           0x20004400        0x0 build\cc2538em_armgcc\openwsn\libopenstack.a(res.o)
 .bss           0x20004400        0x0 build\cc2538em_armgcc\openwsn\libopenstack.a(schedule.o)
 .bss           0x20004400        0x0 build\cc2538em_armgcc\openwsn\libopenstack.a(iphc.o)
 .bss           0x20004400        0x0 build\cc2538em_armgcc\openwsn\libopenstack.a(openbridge.o)
 .bss           0x20004400        0x0 build\cc2538em_armgcc\openwsn\libopenstack.a(forwarding.o)
 .bss           0x20004400        0x0 build\cc2538em_armgcc\openwsn\libopenstack.a(icmpv6.o)
 .bss           0x20004400        0x0 build\cc2538em_armgcc\openwsn\libopenstack.a(icmpv6echo.o)
 .bss           0x20004400        0x0 build\cc2538em_armgcc\openwsn\libopenstack.a(icmpv6rpl.o)
 .bss           0x20004400        0x0 build\cc2538em_armgcc\openwsn\libopenstack.a(opencoap.o)
 .bss           0x20004400        0x0 build\cc2538em_armgcc\openwsn\libopenstack.a(opentcp.o)
 .bss           0x20004400        0x0 build\cc2538em_armgcc\openwsn\libopenstack.a(openudp.o)
 .bss           0x20004400        0x0 build\cc2538em_armgcc\openwsn\libopenstack.a(r6t.o)
 .bss           0x20004400        0x0 build\cc2538em_armgcc\openwsn\libopenstack.a(ohlone.o)
 .bss           0x20004400        0x0 build\cc2538em_armgcc\openwsn\libopenstack.a(ohlone_webpages.o)
 .bss           0x20004400        0x0 build\cc2538em_armgcc\openwsn\libopenstack.a(rinfo.o)
 .bss           0x20004400        0x0 build\cc2538em_armgcc\openwsn\libopenstack.a(rrt.o)
 .bss           0x20004400        0x0 build\cc2538em_armgcc\openwsn\libopenstack.a(rleds.o)
 .bss           0x20004400        0x0 build\cc2538em_armgcc\openwsn\libopenstack.a(rwellknown.o)
 .bss           0x20004400        0x0 build\cc2538em_armgcc\openwsn\libopenstack.a(tcpecho.o)
 .bss           0x20004400        0x0 build\cc2538em_armgcc\openwsn\libopenstack.a(tcpinject.o)
 .bss           0x20004400        0x0 build\cc2538em_armgcc\openwsn\libopenstack.a(tcpprint.o)
 .bss           0x20004400        0x0 build\cc2538em_armgcc\openwsn\libopenstack.a(udpecho.o)
 .bss           0x20004400        0x0 build\cc2538em_armgcc\openwsn\libopenstack.a(udpinject.o)
 .bss           0x20004400        0x0 build\cc2538em_armgcc\openwsn\libopenstack.a(udpprint.o)
 .bss           0x20004400        0x0 build\cc2538em_armgcc\openwsn\libopenstack.a(udprand.o)
 .bss           0x20004400        0x0 build\cc2538em_armgcc\openwsn\libopenstack.a(udplatency.o)
 .bss           0x20004400        0x0 build\cc2538em_armgcc\openwsn\libopenstack.a(idmanager.o)
 .bss           0x20004400        0x0 build\cc2538em_armgcc\openwsn\libopenstack.a(openqueue.o)
 .bss           0x20004400        0x0 build\cc2538em_armgcc\openwsn\libopenstack.a(openrandom.o)
 .bss           0x20004400        0x0 build\cc2538em_armgcc\openwsn\libopenstack.a(packetfunctions.o)
 .bss           0x20004400        0x0 build\cc2538em_armgcc\openwsn\libopenstack.a(IEEE802154.o)
 .bss           0x20004400        0x0 build\cc2538em_armgcc\openwsn\libopenstack.a(topology.o)
 .bss           0x20004400        0x0 build\cc2538em_armgcc\kernel\openos\libopenos.a(scheduler.o)
 .bss           0x20004400        0x0 build\cc2538em_armgcc\drivers\libdrivers.a(openserial.o)
 .bss           0x20004400        0x0 build\cc2538em_armgcc\drivers\libdrivers.a(opentimers.o)
 .bss           0x20004400        0x0 build\cc2538em_armgcc\drivers\libdrivers.a(openhdlc.o)
 .bss           0x20004400        0x0 build\cc2538em_armgcc\bsp\boards\cc2538em\libbsp.a(board.o)
 .bss           0x20004400        0x0 build\cc2538em_armgcc\bsp\boards\cc2538em\libbsp.a(bsp_timer.o)
 .bss           0x20004400        0x0 build\cc2538em_armgcc\bsp\boards\cc2538em\libbsp.a(debugpins.o)
 .bss           0x20004400        0x0 build\cc2538em_armgcc\bsp\boards\cc2538em\libbsp.a(eui64.o)
 .bss           0x20004400        0x0 build\cc2538em_armgcc\bsp\boards\cc2538em\libbsp.a(leds.o)
 .bss           0x20004400        0x0 build\cc2538em_armgcc\bsp\boards\cc2538em\libbsp.a(radio.o)
 .bss           0x20004400        0x0 build\cc2538em_armgcc\bsp\boards\cc2538em\libbsp.a(radiotimer.o)
 .bss           0x20004400      0x200 build\cc2538em_armgcc\bsp\boards\cc2538em\libbsp.a(startup_gcc.o)
 .bss           0x20004600        0x0 build\cc2538em_armgcc\bsp\boards\cc2538em\libbsp.a(uart.o)
 .bss           0x20004600        0x0 build\cc2538em_armgcc\bsp\boards\cc2538em\libbsp.a(gpio.o)
 .bss           0x20004600        0x0 build\cc2538em_armgcc\bsp\boards\cc2538em\libbsp.a(interrupt.o)
 .bss           0x20004600        0x0 build\cc2538em_armgcc\bsp\boards\cc2538em\libbsp.a(ioc.o)
 .bss           0x20004600        0x0 build\cc2538em_armgcc\bsp\boards\cc2538em\libbsp.a(sleepmode.o)
 .bss           0x20004600        0x0 build\cc2538em_armgcc\bsp\boards\cc2538em\libbsp.a(sys_ctrl.o)
 .bss           0x20004600        0x0 build\cc2538em_armgcc\bsp\boards\cc2538em\libbsp.a(uarthal.o)
 .bss           0x20004600        0x0 build\cc2538em_armgcc\bsp\boards\cc2538em\libbsp.a(cpu.o)
 .bss           0x20004600        0x0 d:/apps/gnu_arm_toolchain/4.8_2013q4/bin/../lib/gcc/arm-none-eabi/4.8.3/armv7-m\libgcc.a(_arm_addsubsf3.o)
 .bss           0x20004600        0x0 d:/apps/gnu_arm_toolchain/4.8_2013q4/bin/../lib/gcc/arm-none-eabi/4.8.3/armv7-m\libgcc.a(_arm_muldivsf3.o)
 .bss           0x20004600        0x0 d:/apps/gnu_arm_toolchain/4.8_2013q4/bin/../lib/gcc/arm-none-eabi/4.8.3/armv7-m\libgcc.a(_arm_fixunssfsi.o)
 .bss           0x20004600        0x0 d:/apps/gnu_arm_toolchain/4.8_2013q4/bin/../lib/gcc/arm-none-eabi/4.8.3/../../../../arm-none-eabi/lib/armv7-m\libg.a(lib_a-memcmp.o)
 .bss           0x20004600        0x0 d:/apps/gnu_arm_toolchain/4.8_2013q4/bin/../lib/gcc/arm-none-eabi/4.8.3/../../../../arm-none-eabi/lib/armv7-m\libg.a(lib_a-memcpy.o)
 .bss           0x20004600        0x0 d:/apps/gnu_arm_toolchain/4.8_2013q4/bin/../lib/gcc/arm-none-eabi/4.8.3/../../../../arm-none-eabi/lib/armv7-m\libg.a(lib_a-memset.o)
 *(COMMON)
 COMMON         0x20004600       0x5c build\cc2538em_armgcc\openwsn\libopenstack.a(IEEE802154E.o)
                0x20004600                ieee154e_vars
                0x2000463c                ieee154e_stats
                0x2000464c                ieee154e_dbg
 COMMON         0x2000465c       0x2c build\cc2538em_armgcc\openwsn\libopenstack.a(adaptive_sync.o)
                0x2000465c                adaptive_sync_vars
 COMMON         0x20004688      0x15c build\cc2538em_armgcc\openwsn\libopenstack.a(neighbors.o)
                0x20004688                neighbors_vars
 COMMON         0x200047e4        0xa build\cc2538em_armgcc\openwsn\libopenstack.a(res.o)
                0x200047e4                res_vars
 *fill*         0x200047ee        0x2 
 COMMON         0x200047f0      0x144 build\cc2538em_armgcc\openwsn\libopenstack.a(schedule.o)
                0x200047f0                schedule_dbg
                0x200047f4                schedule_vars
 COMMON         0x20004934       0x14 build\cc2538em_armgcc\openwsn\libopenstack.a(icmpv6echo.o)
                0x20004934                icmpv6echo_vars
 COMMON         0x20004948       0x54 build\cc2538em_armgcc\openwsn\libopenstack.a(icmpv6rpl.o)
                0x20004948                icmpv6rpl_vars
 COMMON         0x2000499c        0x8 build\cc2538em_armgcc\openwsn\libopenstack.a(opencoap.o)
                0x2000499c                opencoap_vars
 COMMON         0x200049a4       0x30 build\cc2538em_armgcc\openwsn\libopenstack.a(opentcp.o)
                0x200049a4                tcp_vars
 COMMON         0x200049d4       0x24 build\cc2538em_armgcc\openwsn\libopenstack.a(r6t.o)
                0x200049d4                r6t_vars
 COMMON         0x200049f8       0x38 build\cc2538em_armgcc\openwsn\libopenstack.a(ohlone.o)
                0x200049f8                ohlone_vars
 COMMON         0x20004a30       0x24 build\cc2538em_armgcc\openwsn\libopenstack.a(rinfo.o)
                0x20004a30                rinfo_vars
 COMMON         0x20004a54       0x24 build\cc2538em_armgcc\openwsn\libopenstack.a(rrt.o)
                0x20004a54                rrt_vars
 COMMON         0x20004a78       0x24 build\cc2538em_armgcc\openwsn\libopenstack.a(rleds.o)
                0x20004a78                rleds_vars
 COMMON         0x20004a9c       0x24 build\cc2538em_armgcc\openwsn\libopenstack.a(rwellknown.o)
                0x20004a9c                rwellknown_vars
 COMMON         0x20004ac0       0x18 build\cc2538em_armgcc\openwsn\libopenstack.a(tcpinject.o)
                0x20004ac0                tcpinject_vars
 COMMON         0x20004ad8        0x1 build\cc2538em_armgcc\openwsn\libopenstack.a(udprand.o)
                0x20004ad8                udprand_vars
 *fill*         0x20004ad9        0x3 
 COMMON         0x20004adc        0x5 build\cc2538em_armgcc\openwsn\libopenstack.a(udplatency.o)
                0x20004adc                seqNum
                0x20004ae0                udplatency_vars
 *fill*         0x20004ae1        0x3 
 COMMON         0x20004ae4       0x46 build\cc2538em_armgcc\openwsn\libopenstack.a(idmanager.o)
                0x20004ae4                idmanager_vars
 *fill*         0x20004b2a        0x2 
 COMMON         0x20004b2c      0x8e8 build\cc2538em_armgcc\openwsn\libopenstack.a(openqueue.o)
                0x20004b2c                openqueue_vars
 COMMON         0x20005414        0x2 build\cc2538em_armgcc\openwsn\libopenstack.a(openrandom.o)
                0x20005414                random_vars
 *fill*         0x20005416        0x2 
 COMMON         0x20005418       0x82 build\cc2538em_armgcc\kernel\openos\libopenos.a(scheduler.o)
                0x20005418                scheduler_vars
                0x20005498                scheduler_dbg
 *fill*         0x2000549a        0x2 
 COMMON         0x2000549c      0x1dc build\cc2538em_armgcc\drivers\libdrivers.a(openserial.o)
                0x2000549c                openserial_vars
 COMMON         0x20005678       0xd0 build\cc2538em_armgcc\drivers\libdrivers.a(opentimers.o)
                0x20005678                opentimers_vars
 COMMON         0x20005748       0x14 build\cc2538em_armgcc\bsp\boards\cc2538em\libbsp.a(bsp_timer.o)
                0x20005748                bsp_timer_vars
 COMMON         0x2000575c        0xc build\cc2538em_armgcc\bsp\boards\cc2538em\libbsp.a(radio.o)
                0x2000575c                radio_vars
 COMMON         0x20005768        0x8 build\cc2538em_armgcc\bsp\boards\cc2538em\libbsp.a(radiotimer.o)
                0x20005768                radiotimer_vars
 COMMON         0x20005770        0x8 build\cc2538em_armgcc\bsp\boards\cc2538em\libbsp.a(uart.o)
                0x20005770                uart_vars
                0x20005778                _ebss = .

.flashcca       0x0027ffd4        0xc
 *(.flashcca)
 .flashcca      0x0027ffd4        0xc build\cc2538em_armgcc\bsp\boards\cc2538em\libbsp.a(startup_gcc.o)
                0x0027ffd4                __cca
OUTPUT(firmware\openos\projects\common\03oos_openwsn_prog.exe elf32-littlearm)

.rel.dyn        0x0027ffe0        0x0
 .rel.iplt      0x00000000        0x0 firmware\openos\projects\common\03oos_openwsn\03oos_openwsn.o

.debug_info     0x00000000    0x19a15
 .debug_info    0x00000000      0x14c firmware\openos\projects\common\03oos_openwsn\03oos_openwsn.o
 .debug_info    0x0000014c      0x47d build\cc2538em_armgcc\openwsn\libopenstack.a(openwsn.o)
 .debug_info    0x000005c9     0x15ec build\cc2538em_armgcc\openwsn\libopenstack.a(IEEE802154E.o)
 .debug_info    0x00001bb5      0x4b8 build\cc2538em_armgcc\openwsn\libopenstack.a(adaptive_sync.o)
 .debug_info    0x0000206d      0xef8 build\cc2538em_armgcc\openwsn\libopenstack.a(neighbors.o)
 .debug_info    0x00002f65      0xb1f build\cc2538em_armgcc\openwsn\libopenstack.a(res.o)
 .debug_info    0x00003a84      0xc56 build\cc2538em_armgcc\openwsn\libopenstack.a(schedule.o)
 .debug_info    0x000046da      0xe6e build\cc2538em_armgcc\openwsn\libopenstack.a(iphc.o)
 .debug_info    0x00005548      0x77f build\cc2538em_armgcc\openwsn\libopenstack.a(openbridge.o)
 .debug_info    0x00005cc7      0xbbc build\cc2538em_armgcc\openwsn\libopenstack.a(forwarding.o)
 .debug_info    0x00006883      0x7c5 build\cc2538em_armgcc\openwsn\libopenstack.a(icmpv6.o)
 .debug_info    0x00007048      0x866 build\cc2538em_armgcc\openwsn\libopenstack.a(icmpv6echo.o)
 .debug_info    0x000078ae      0xbcf build\cc2538em_armgcc\openwsn\libopenstack.a(icmpv6rpl.o)
 .debug_info    0x0000847d      0xce6 build\cc2538em_armgcc\openwsn\libopenstack.a(opencoap.o)
 .debug_info    0x00009163      0xd3d build\cc2538em_armgcc\openwsn\libopenstack.a(opentcp.o)
 .debug_info    0x00009ea0      0x8d0 build\cc2538em_armgcc\openwsn\libopenstack.a(openudp.o)
 .debug_info    0x0000a770      0xc5f build\cc2538em_armgcc\openwsn\libopenstack.a(r6t.o)
 .debug_info    0x0000b3cf      0x842 build\cc2538em_armgcc\openwsn\libopenstack.a(ohlone.o)
 .debug_info    0x0000bc11      0x2c5 build\cc2538em_armgcc\openwsn\libopenstack.a(ohlone_webpages.o)
 .debug_info    0x0000bed6      0x934 build\cc2538em_armgcc\openwsn\libopenstack.a(rinfo.o)
 .debug_info    0x0000c80a      0x944 build\cc2538em_armgcc\openwsn\libopenstack.a(rrt.o)
 .debug_info    0x0000d14e      0x934 build\cc2538em_armgcc\openwsn\libopenstack.a(rleds.o)
 .debug_info    0x0000da82      0x997 build\cc2538em_armgcc\openwsn\libopenstack.a(rwellknown.o)
 .debug_info    0x0000e419      0x7c0 build\cc2538em_armgcc\openwsn\libopenstack.a(tcpecho.o)
 .debug_info    0x0000ebd9      0x8d7 build\cc2538em_armgcc\openwsn\libopenstack.a(tcpinject.o)
 .debug_info    0x0000f4b0      0x488 build\cc2538em_armgcc\openwsn\libopenstack.a(tcpprint.o)
 .debug_info    0x0000f938      0x7c8 build\cc2538em_armgcc\openwsn\libopenstack.a(udpecho.o)
 .debug_info    0x00010100      0x857 build\cc2538em_armgcc\openwsn\libopenstack.a(udpinject.o)
 .debug_info    0x00010957      0x6fb build\cc2538em_armgcc\openwsn\libopenstack.a(udpprint.o)
 .debug_info    0x00011052      0x91f build\cc2538em_armgcc\openwsn\libopenstack.a(udprand.o)
 .debug_info    0x00011971      0x964 build\cc2538em_armgcc\openwsn\libopenstack.a(udplatency.o)
 .debug_info    0x000122d5      0x7e9 build\cc2538em_armgcc\openwsn\libopenstack.a(idmanager.o)
 .debug_info    0x00012abe      0xa12 build\cc2538em_armgcc\openwsn\libopenstack.a(openqueue.o)
 .debug_info    0x000134d0      0x1f6 build\cc2538em_armgcc\openwsn\libopenstack.a(openrandom.o)
 .debug_info    0x000136c6      0xc1d build\cc2538em_armgcc\openwsn\libopenstack.a(packetfunctions.o)
 .debug_info    0x000142e3      0x940 build\cc2538em_armgcc\openwsn\libopenstack.a(IEEE802154.o)
 .debug_info    0x00014c23      0x2b4 build\cc2538em_armgcc\openwsn\libopenstack.a(topology.o)
 .debug_info    0x00014ed7      0x306 build\cc2538em_armgcc\kernel\openos\libopenos.a(scheduler.o)
 .debug_info    0x000151dd      0xa97 build\cc2538em_armgcc\drivers\libdrivers.a(openserial.o)
 .debug_info    0x00015c74      0x3f7 build\cc2538em_armgcc\drivers\libdrivers.a(opentimers.o)
 .debug_info    0x0001606b      0x19e build\cc2538em_armgcc\drivers\libdrivers.a(openhdlc.o)
 .debug_info    0x00016209      0x23b build\cc2538em_armgcc\bsp\boards\cc2538em\libbsp.a(board.o)
 .debug_info    0x00016444      0x294 build\cc2538em_armgcc\bsp\boards\cc2538em\libbsp.a(bsp_timer.o)
 .debug_info    0x000166d8      0x29f build\cc2538em_armgcc\bsp\boards\cc2538em\libbsp.a(debugpins.o)
 .debug_info    0x00016977       0xc1 build\cc2538em_armgcc\bsp\boards\cc2538em\libbsp.a(eui64.o)
 .debug_info    0x00016a38      0x3a8 build\cc2538em_armgcc\bsp\boards\cc2538em\libbsp.a(leds.o)
 .debug_info    0x00016de0      0x589 build\cc2538em_armgcc\bsp\boards\cc2538em\libbsp.a(radio.o)
 .debug_info    0x00017369      0x3b8 build\cc2538em_armgcc\bsp\boards\cc2538em\libbsp.a(radiotimer.o)
 .debug_info    0x00017721      0x1b3 build\cc2538em_armgcc\bsp\boards\cc2538em\libbsp.a(startup_gcc.o)
 .debug_info    0x000178d4      0x2c2 build\cc2538em_armgcc\bsp\boards\cc2538em\libbsp.a(uart.o)
 .debug_info    0x00017b96      0x76b build\cc2538em_armgcc\bsp\boards\cc2538em\libbsp.a(gpio.o)
 .debug_info    0x00018301      0x405 build\cc2538em_armgcc\bsp\boards\cc2538em\libbsp.a(interrupt.o)
 .debug_info    0x00018706      0x2c3 build\cc2538em_armgcc\bsp\boards\cc2538em\libbsp.a(ioc.o)
 .debug_info    0x000189c9      0x1be build\cc2538em_armgcc\bsp\boards\cc2538em\libbsp.a(sleepmode.o)
 .debug_info    0x00018b87      0x4bd build\cc2538em_armgcc\bsp\boards\cc2538em\libbsp.a(sys_ctrl.o)
 .debug_info    0x00019044      0x861 build\cc2538em_armgcc\bsp\boards\cc2538em\libbsp.a(uarthal.o)
 .debug_info    0x000198a5      0x170 build\cc2538em_armgcc\bsp\boards\cc2538em\libbsp.a(cpu.o)

.debug_abbrev   0x00000000     0x4ee5
 .debug_abbrev  0x00000000       0x7c firmware\openos\projects\common\03oos_openwsn\03oos_openwsn.o
 .debug_abbrev  0x0000007c       0x9d build\cc2538em_armgcc\openwsn\libopenstack.a(openwsn.o)
 .debug_abbrev  0x00000119      0x27d build\cc2538em_armgcc\openwsn\libopenstack.a(IEEE802154E.o)
 .debug_abbrev  0x00000396      0x159 build\cc2538em_armgcc\openwsn\libopenstack.a(adaptive_sync.o)
 .debug_abbrev  0x000004ef      0x248 build\cc2538em_armgcc\openwsn\libopenstack.a(neighbors.o)
 .debug_abbrev  0x00000737      0x228 build\cc2538em_armgcc\openwsn\libopenstack.a(res.o)
 .debug_abbrev  0x0000095f      0x215 build\cc2538em_armgcc\openwsn\libopenstack.a(schedule.o)
 .debug_abbrev  0x00000b74      0x1d8 build\cc2538em_armgcc\openwsn\libopenstack.a(iphc.o)
 .debug_abbrev  0x00000d4c      0x12c build\cc2538em_armgcc\openwsn\libopenstack.a(openbridge.o)
 .debug_abbrev  0x00000e78      0x1d6 build\cc2538em_armgcc\openwsn\libopenstack.a(forwarding.o)
 .debug_abbrev  0x0000104e      0x155 build\cc2538em_armgcc\openwsn\libopenstack.a(icmpv6.o)
 .debug_abbrev  0x000011a3      0x168 build\cc2538em_armgcc\openwsn\libopenstack.a(icmpv6echo.o)
 .debug_abbrev  0x0000130b      0x1c3 build\cc2538em_armgcc\openwsn\libopenstack.a(icmpv6rpl.o)
 .debug_abbrev  0x000014ce      0x200 build\cc2538em_armgcc\openwsn\libopenstack.a(opencoap.o)
 .debug_abbrev  0x000016ce      0x226 build\cc2538em_armgcc\openwsn\libopenstack.a(opentcp.o)
 .debug_abbrev  0x000018f4      0x17e build\cc2538em_armgcc\openwsn\libopenstack.a(openudp.o)
 .debug_abbrev  0x00001a72      0x1ae build\cc2538em_armgcc\openwsn\libopenstack.a(r6t.o)
 .debug_abbrev  0x00001c20      0x1b8 build\cc2538em_armgcc\openwsn\libopenstack.a(ohlone.o)
 .debug_abbrev  0x00001dd8       0xf3 build\cc2538em_armgcc\openwsn\libopenstack.a(ohlone_webpages.o)
 .debug_abbrev  0x00001ecb      0x19f build\cc2538em_armgcc\openwsn\libopenstack.a(rinfo.o)
 .debug_abbrev  0x0000206a      0x19f build\cc2538em_armgcc\openwsn\libopenstack.a(rrt.o)
 .debug_abbrev  0x00002209      0x19f build\cc2538em_armgcc\openwsn\libopenstack.a(rleds.o)
 .debug_abbrev  0x000023a8      0x19f build\cc2538em_armgcc\openwsn\libopenstack.a(rwellknown.o)
 .debug_abbrev  0x00002547      0x151 build\cc2538em_armgcc\openwsn\libopenstack.a(tcpecho.o)
 .debug_abbrev  0x00002698      0x18d build\cc2538em_armgcc\openwsn\libopenstack.a(tcpinject.o)
 .debug_abbrev  0x00002825      0x13b build\cc2538em_armgcc\openwsn\libopenstack.a(tcpprint.o)
 .debug_abbrev  0x00002960      0x137 build\cc2538em_armgcc\openwsn\libopenstack.a(udpecho.o)
 .debug_abbrev  0x00002a97      0x146 build\cc2538em_armgcc\openwsn\libopenstack.a(udpinject.o)
 .debug_abbrev  0x00002bdd      0x137 build\cc2538em_armgcc\openwsn\libopenstack.a(udpprint.o)
 .debug_abbrev  0x00002d14      0x159 build\cc2538em_armgcc\openwsn\libopenstack.a(udprand.o)
 .debug_abbrev  0x00002e6d      0x159 build\cc2538em_armgcc\openwsn\libopenstack.a(udplatency.o)
 .debug_abbrev  0x00002fc6      0x166 build\cc2538em_armgcc\openwsn\libopenstack.a(idmanager.o)
 .debug_abbrev  0x0000312c      0x193 build\cc2538em_armgcc\openwsn\libopenstack.a(openqueue.o)
 .debug_abbrev  0x000032bf       0xe8 build\cc2538em_armgcc\openwsn\libopenstack.a(openrandom.o)
 .debug_abbrev  0x000033a7      0x1d8 build\cc2538em_armgcc\openwsn\libopenstack.a(packetfunctions.o)
 .debug_abbrev  0x0000357f      0x13f build\cc2538em_armgcc\openwsn\libopenstack.a(IEEE802154.o)
 .debug_abbrev  0x000036be      0x10d build\cc2538em_armgcc\openwsn\libopenstack.a(topology.o)
 .debug_abbrev  0x000037cb      0x12a build\cc2538em_armgcc\kernel\openos\libopenos.a(scheduler.o)
 .debug_abbrev  0x000038f5      0x1ba build\cc2538em_armgcc\drivers\libdrivers.a(openserial.o)
 .debug_abbrev  0x00003aaf      0x179 build\cc2538em_armgcc\drivers\libdrivers.a(opentimers.o)
 .debug_abbrev  0x00003c28       0x9c build\cc2538em_armgcc\drivers\libdrivers.a(openhdlc.o)
 .debug_abbrev  0x00003cc4       0xd8 build\cc2538em_armgcc\bsp\boards\cc2538em\libbsp.a(board.o)
 .debug_abbrev  0x00003d9c      0x160 build\cc2538em_armgcc\bsp\boards\cc2538em\libbsp.a(bsp_timer.o)
 .debug_abbrev  0x00003efc       0xa3 build\cc2538em_armgcc\bsp\boards\cc2538em\libbsp.a(debugpins.o)
 .debug_abbrev  0x00003f9f       0x7b build\cc2538em_armgcc\bsp\boards\cc2538em\libbsp.a(eui64.o)
 .debug_abbrev  0x0000401a       0xed build\cc2538em_armgcc\bsp\boards\cc2538em\libbsp.a(leds.o)
 .debug_abbrev  0x00004107      0x224 build\cc2538em_armgcc\bsp\boards\cc2538em\libbsp.a(radio.o)
 .debug_abbrev  0x0000432b      0x186 build\cc2538em_armgcc\bsp\boards\cc2538em\libbsp.a(radiotimer.o)
 .debug_abbrev  0x000044b1      0x109 build\cc2538em_armgcc\bsp\boards\cc2538em\libbsp.a(startup_gcc.o)
 .debug_abbrev  0x000045ba      0x16d build\cc2538em_armgcc\bsp\boards\cc2538em\libbsp.a(uart.o)
 .debug_abbrev  0x00004727      0x124 build\cc2538em_armgcc\bsp\boards\cc2538em\libbsp.a(gpio.o)
 .debug_abbrev  0x0000484b      0x185 build\cc2538em_armgcc\bsp\boards\cc2538em\libbsp.a(interrupt.o)
 .debug_abbrev  0x000049d0       0xdf build\cc2538em_armgcc\bsp\boards\cc2538em\libbsp.a(ioc.o)
 .debug_abbrev  0x00004aaf      0x113 build\cc2538em_armgcc\bsp\boards\cc2538em\libbsp.a(sleepmode.o)
 .debug_abbrev  0x00004bc2      0x130 build\cc2538em_armgcc\bsp\boards\cc2538em\libbsp.a(sys_ctrl.o)
 .debug_abbrev  0x00004cf2      0x124 build\cc2538em_armgcc\bsp\boards\cc2538em\libbsp.a(uarthal.o)
 .debug_abbrev  0x00004e16       0xcf build\cc2538em_armgcc\bsp\boards\cc2538em\libbsp.a(cpu.o)

.debug_aranges  0x00000000      0x720
 .debug_aranges
                0x00000000       0x20 firmware\openos\projects\common\03oos_openwsn\03oos_openwsn.o
 .debug_aranges
                0x00000020       0x20 build\cc2538em_armgcc\openwsn\libopenstack.a(openwsn.o)
 .debug_aranges
                0x00000040       0x20 build\cc2538em_armgcc\openwsn\libopenstack.a(IEEE802154E.o)
 .debug_aranges
                0x00000060       0x20 build\cc2538em_armgcc\openwsn\libopenstack.a(adaptive_sync.o)
 .debug_aranges
                0x00000080       0x20 build\cc2538em_armgcc\openwsn\libopenstack.a(neighbors.o)
 .debug_aranges
                0x000000a0       0x20 build\cc2538em_armgcc\openwsn\libopenstack.a(res.o)
 .debug_aranges
                0x000000c0       0x20 build\cc2538em_armgcc\openwsn\libopenstack.a(schedule.o)
 .debug_aranges
                0x000000e0       0x20 build\cc2538em_armgcc\openwsn\libopenstack.a(iphc.o)
 .debug_aranges
                0x00000100       0x20 build\cc2538em_armgcc\openwsn\libopenstack.a(openbridge.o)
 .debug_aranges
                0x00000120       0x20 build\cc2538em_armgcc\openwsn\libopenstack.a(forwarding.o)
 .debug_aranges
                0x00000140       0x20 build\cc2538em_armgcc\openwsn\libopenstack.a(icmpv6.o)
 .debug_aranges
                0x00000160       0x20 build\cc2538em_armgcc\openwsn\libopenstack.a(icmpv6echo.o)
 .debug_aranges
                0x00000180       0x20 build\cc2538em_armgcc\openwsn\libopenstack.a(icmpv6rpl.o)
 .debug_aranges
                0x000001a0       0x20 build\cc2538em_armgcc\openwsn\libopenstack.a(opencoap.o)
 .debug_aranges
                0x000001c0       0x20 build\cc2538em_armgcc\openwsn\libopenstack.a(opentcp.o)
 .debug_aranges
                0x000001e0       0x20 build\cc2538em_armgcc\openwsn\libopenstack.a(openudp.o)
 .debug_aranges
                0x00000200       0x20 build\cc2538em_armgcc\openwsn\libopenstack.a(r6t.o)
 .debug_aranges
                0x00000220       0x20 build\cc2538em_armgcc\openwsn\libopenstack.a(ohlone.o)
 .debug_aranges
                0x00000240       0x20 build\cc2538em_armgcc\openwsn\libopenstack.a(ohlone_webpages.o)
 .debug_aranges
                0x00000260       0x20 build\cc2538em_armgcc\openwsn\libopenstack.a(rinfo.o)
 .debug_aranges
                0x00000280       0x20 build\cc2538em_armgcc\openwsn\libopenstack.a(rrt.o)
 .debug_aranges
                0x000002a0       0x20 build\cc2538em_armgcc\openwsn\libopenstack.a(rleds.o)
 .debug_aranges
                0x000002c0       0x20 build\cc2538em_armgcc\openwsn\libopenstack.a(rwellknown.o)
 .debug_aranges
                0x000002e0       0x20 build\cc2538em_armgcc\openwsn\libopenstack.a(tcpecho.o)
 .debug_aranges
                0x00000300       0x20 build\cc2538em_armgcc\openwsn\libopenstack.a(tcpinject.o)
 .debug_aranges
                0x00000320       0x20 build\cc2538em_armgcc\openwsn\libopenstack.a(tcpprint.o)
 .debug_aranges
                0x00000340       0x20 build\cc2538em_armgcc\openwsn\libopenstack.a(udpecho.o)
 .debug_aranges
                0x00000360       0x20 build\cc2538em_armgcc\openwsn\libopenstack.a(udpinject.o)
 .debug_aranges
                0x00000380       0x20 build\cc2538em_armgcc\openwsn\libopenstack.a(udpprint.o)
 .debug_aranges
                0x000003a0       0x20 build\cc2538em_armgcc\openwsn\libopenstack.a(udprand.o)
 .debug_aranges
                0x000003c0       0x20 build\cc2538em_armgcc\openwsn\libopenstack.a(udplatency.o)
 .debug_aranges
                0x000003e0       0x20 build\cc2538em_armgcc\openwsn\libopenstack.a(idmanager.o)
 .debug_aranges
                0x00000400       0x20 build\cc2538em_armgcc\openwsn\libopenstack.a(openqueue.o)
 .debug_aranges
                0x00000420       0x20 build\cc2538em_armgcc\openwsn\libopenstack.a(openrandom.o)
 .debug_aranges
                0x00000440       0x20 build\cc2538em_armgcc\openwsn\libopenstack.a(packetfunctions.o)
 .debug_aranges
                0x00000460       0x20 build\cc2538em_armgcc\openwsn\libopenstack.a(IEEE802154.o)
 .debug_aranges
                0x00000480       0x20 build\cc2538em_armgcc\openwsn\libopenstack.a(topology.o)
 .debug_aranges
                0x000004a0       0x20 build\cc2538em_armgcc\kernel\openos\libopenos.a(scheduler.o)
 .debug_aranges
                0x000004c0       0x20 build\cc2538em_armgcc\drivers\libdrivers.a(openserial.o)
 .debug_aranges
                0x000004e0       0x20 build\cc2538em_armgcc\drivers\libdrivers.a(opentimers.o)
 .debug_aranges
                0x00000500       0x20 build\cc2538em_armgcc\drivers\libdrivers.a(openhdlc.o)
 .debug_aranges
                0x00000520       0x20 build\cc2538em_armgcc\bsp\boards\cc2538em\libbsp.a(board.o)
 .debug_aranges
                0x00000540       0x20 build\cc2538em_armgcc\bsp\boards\cc2538em\libbsp.a(bsp_timer.o)
 .debug_aranges
                0x00000560       0x20 build\cc2538em_armgcc\bsp\boards\cc2538em\libbsp.a(debugpins.o)
 .debug_aranges
                0x00000580       0x20 build\cc2538em_armgcc\bsp\boards\cc2538em\libbsp.a(eui64.o)
 .debug_aranges
                0x000005a0       0x20 build\cc2538em_armgcc\bsp\boards\cc2538em\libbsp.a(leds.o)
 .debug_aranges
                0x000005c0       0x20 build\cc2538em_armgcc\bsp\boards\cc2538em\libbsp.a(radio.o)
 .debug_aranges
                0x000005e0       0x20 build\cc2538em_armgcc\bsp\boards\cc2538em\libbsp.a(radiotimer.o)
 .debug_aranges
                0x00000600       0x20 build\cc2538em_armgcc\bsp\boards\cc2538em\libbsp.a(startup_gcc.o)
 .debug_aranges
                0x00000620       0x20 build\cc2538em_armgcc\bsp\boards\cc2538em\libbsp.a(uart.o)
 .debug_aranges
                0x00000640       0x20 build\cc2538em_armgcc\bsp\boards\cc2538em\libbsp.a(gpio.o)
 .debug_aranges
                0x00000660       0x20 build\cc2538em_armgcc\bsp\boards\cc2538em\libbsp.a(interrupt.o)
 .debug_aranges
                0x00000680       0x20 build\cc2538em_armgcc\bsp\boards\cc2538em\libbsp.a(ioc.o)
 .debug_aranges
                0x000006a0       0x20 build\cc2538em_armgcc\bsp\boards\cc2538em\libbsp.a(sleepmode.o)
 .debug_aranges
                0x000006c0       0x20 build\cc2538em_armgcc\bsp\boards\cc2538em\libbsp.a(sys_ctrl.o)
 .debug_aranges
                0x000006e0       0x20 build\cc2538em_armgcc\bsp\boards\cc2538em\libbsp.a(uarthal.o)
 .debug_aranges
                0x00000700       0x20 build\cc2538em_armgcc\bsp\boards\cc2538em\libbsp.a(cpu.o)

.debug_macro    0x00000000     0xd3ef
 .debug_macro   0x00000000      0x14b firmware\openos\projects\common\03oos_openwsn\03oos_openwsn.o
 .debug_macro   0x0000014b      0x838 firmware\openos\projects\common\03oos_openwsn\03oos_openwsn.o
 .debug_macro   0x00000983       0x52 firmware\openos\projects\common\03oos_openwsn\03oos_openwsn.o
 .debug_macro   0x000009d5       0x16 firmware\openos\projects\common\03oos_openwsn\03oos_openwsn.o
 .debug_macro   0x000009eb       0x35 firmware\openos\projects\common\03oos_openwsn\03oos_openwsn.o
 .debug_macro   0x00000a20       0xa2 firmware\openos\projects\common\03oos_openwsn\03oos_openwsn.o
 .debug_macro   0x00000ac2      0x20e firmware\openos\projects\common\03oos_openwsn\03oos_openwsn.o
 .debug_macro   0x00000cd0      0x166 firmware\openos\projects\common\03oos_openwsn\03oos_openwsn.o
 .debug_macro   0x00000e36       0x3a firmware\openos\projects\common\03oos_openwsn\03oos_openwsn.o
 .debug_macro   0x00000e70       0x52 firmware\openos\projects\common\03oos_openwsn\03oos_openwsn.o
 .debug_macro   0x00000ec2       0x16 firmware\openos\projects\common\03oos_openwsn\03oos_openwsn.o
 .debug_macro   0x00000ed8       0x43 firmware\openos\projects\common\03oos_openwsn\03oos_openwsn.o
 .debug_macro   0x00000f1b      0x180 firmware\openos\projects\common\03oos_openwsn\03oos_openwsn.o
 .debug_macro   0x0000109b      0x2a6 firmware\openos\projects\common\03oos_openwsn\03oos_openwsn.o
 .debug_macro   0x00001341       0x10 firmware\openos\projects\common\03oos_openwsn\03oos_openwsn.o
 .debug_macro   0x00001351       0x35 firmware\openos\projects\common\03oos_openwsn\03oos_openwsn.o
 .debug_macro   0x00001386       0x1f firmware\openos\projects\common\03oos_openwsn\03oos_openwsn.o
 .debug_macro   0x000013a5       0x22 firmware\openos\projects\common\03oos_openwsn\03oos_openwsn.o
 .debug_macro   0x000013c7       0x28 firmware\openos\projects\common\03oos_openwsn\03oos_openwsn.o
 .debug_macro   0x000013ef       0x10 firmware\openos\projects\common\03oos_openwsn\03oos_openwsn.o
 .debug_macro   0x000013ff       0xac firmware\openos\projects\common\03oos_openwsn\03oos_openwsn.o
 .debug_macro   0x000014ab       0x10 firmware\openos\projects\common\03oos_openwsn\03oos_openwsn.o
 .debug_macro   0x000014bb       0x41 firmware\openos\projects\common\03oos_openwsn\03oos_openwsn.o
 .debug_macro   0x000014fc      0x283 build\cc2538em_armgcc\openwsn\libopenstack.a(openwsn.o)
 .debug_macro   0x0000177f       0x3b build\cc2538em_armgcc\openwsn\libopenstack.a(openwsn.o)
 .debug_macro   0x000017ba       0x5e build\cc2538em_armgcc\openwsn\libopenstack.a(openwsn.o)
 .debug_macro   0x00001818       0x1c build\cc2538em_armgcc\openwsn\libopenstack.a(openwsn.o)
 .debug_macro   0x00001834       0x22 build\cc2538em_armgcc\openwsn\libopenstack.a(openwsn.o)
 .debug_macro   0x00001856       0x52 build\cc2538em_armgcc\openwsn\libopenstack.a(openwsn.o)
 .debug_macro   0x000018a8      0x17d build\cc2538em_armgcc\openwsn\libopenstack.a(openwsn.o)
 .debug_macro   0x00001a25       0xb8 build\cc2538em_armgcc\openwsn\libopenstack.a(openwsn.o)
 .debug_macro   0x00001add       0x3a build\cc2538em_armgcc\openwsn\libopenstack.a(openwsn.o)
 .debug_macro   0x00001b17       0x16 build\cc2538em_armgcc\openwsn\libopenstack.a(openwsn.o)
 .debug_macro   0x00001b2d       0x10 build\cc2538em_armgcc\openwsn\libopenstack.a(openwsn.o)
 .debug_macro   0x00001b3d       0x22 build\cc2538em_armgcc\openwsn\libopenstack.a(openwsn.o)
 .debug_macro   0x00001b5f       0x10 build\cc2538em_armgcc\openwsn\libopenstack.a(openwsn.o)
 .debug_macro   0x00001b6f      0x203 build\cc2538em_armgcc\openwsn\libopenstack.a(IEEE802154E.o)
 .debug_macro   0x00001d72       0x16 build\cc2538em_armgcc\openwsn\libopenstack.a(IEEE802154E.o)
 .debug_macro   0x00001d88       0x64 build\cc2538em_armgcc\openwsn\libopenstack.a(IEEE802154E.o)
 .debug_macro   0x00001dec       0x10 build\cc2538em_armgcc\openwsn\libopenstack.a(IEEE802154E.o)
 .debug_macro   0x00001dfc       0xb2 build\cc2538em_armgcc\openwsn\libopenstack.a(IEEE802154E.o)
 .debug_macro   0x00001eae      0x1fc build\cc2538em_armgcc\openwsn\libopenstack.a(adaptive_sync.o)
 .debug_macro   0x000020aa      0x1a7 build\cc2538em_armgcc\openwsn\libopenstack.a(neighbors.o)
 .debug_macro   0x00002251      0x1c8 build\cc2538em_armgcc\openwsn\libopenstack.a(res.o)
 .debug_macro   0x00002419      0x158 build\cc2538em_armgcc\openwsn\libopenstack.a(schedule.o)
 .debug_macro   0x00002571      0x1a0 build\cc2538em_armgcc\openwsn\libopenstack.a(iphc.o)
 .debug_macro   0x00002711      0x17b build\cc2538em_armgcc\openwsn\libopenstack.a(openbridge.o)
 .debug_macro   0x0000288c      0x1dd build\cc2538em_armgcc\openwsn\libopenstack.a(forwarding.o)
 .debug_macro   0x00002a69      0x19a build\cc2538em_armgcc\openwsn\libopenstack.a(icmpv6.o)
 .debug_macro   0x00002c03      0x17d build\cc2538em_armgcc\openwsn\libopenstack.a(icmpv6echo.o)
 .debug_macro   0x00002d80      0x1c8 build\cc2538em_armgcc\openwsn\libopenstack.a(icmpv6rpl.o)
 .debug_macro   0x00002f48      0x1a3 build\cc2538em_armgcc\openwsn\libopenstack.a(opencoap.o)
 .debug_macro   0x000030eb       0x1c build\cc2538em_armgcc\openwsn\libopenstack.a(opencoap.o)
 .debug_macro   0x00003107      0x1d3 build\cc2538em_armgcc\openwsn\libopenstack.a(opentcp.o)
 .debug_macro   0x000032da      0x1d5 build\cc2538em_armgcc\openwsn\libopenstack.a(openudp.o)
 .debug_macro   0x000034af       0x16 build\cc2538em_armgcc\openwsn\libopenstack.a(openudp.o)
 .debug_macro   0x000034c5      0x1a2 build\cc2538em_armgcc\openwsn\libopenstack.a(r6t.o)
 .debug_macro   0x00003667      0x185 build\cc2538em_armgcc\openwsn\libopenstack.a(ohlone.o)
 .debug_macro   0x000037ec       0x16 build\cc2538em_armgcc\openwsn\libopenstack.a(ohlone.o)
 .debug_macro   0x00003802      0x13b build\cc2538em_armgcc\openwsn\libopenstack.a(ohlone_webpages.o)
 .debug_macro   0x0000393d      0x19d build\cc2538em_armgcc\openwsn\libopenstack.a(rinfo.o)
 .debug_macro   0x00003ada      0x19d build\cc2538em_armgcc\openwsn\libopenstack.a(rrt.o)
 .debug_macro   0x00003c77      0x182 build\cc2538em_armgcc\openwsn\libopenstack.a(rleds.o)
 .debug_macro   0x00003df9      0x18a build\cc2538em_armgcc\openwsn\libopenstack.a(rwellknown.o)
 .debug_macro   0x00003f83      0x172 build\cc2538em_armgcc\openwsn\libopenstack.a(tcpecho.o)
 .debug_macro   0x000040f5      0x17c build\cc2538em_armgcc\openwsn\libopenstack.a(tcpinject.o)
 .debug_macro   0x00004271      0x172 build\cc2538em_armgcc\openwsn\libopenstack.a(tcpprint.o)
 .debug_macro   0x000043e3      0x173 build\cc2538em_armgcc\openwsn\libopenstack.a(udpecho.o)
 .debug_macro   0x00004556      0x173 build\cc2538em_armgcc\openwsn\libopenstack.a(udpinject.o)
 .debug_macro   0x000046c9      0x15f build\cc2538em_armgcc\openwsn\libopenstack.a(udpprint.o)
 .debug_macro   0x00004828      0x1bf build\cc2538em_armgcc\openwsn\libopenstack.a(udprand.o)
 .debug_macro   0x000049e7      0x1d0 build\cc2538em_armgcc\openwsn\libopenstack.a(udplatency.o)
 .debug_macro   0x00004bb7      0x17f build\cc2538em_armgcc\openwsn\libopenstack.a(idmanager.o)
 .debug_macro   0x00004d36      0x177 build\cc2538em_armgcc\openwsn\libopenstack.a(openqueue.o)
 .debug_macro   0x00004ead      0x145 build\cc2538em_armgcc\openwsn\libopenstack.a(openrandom.o)
 .debug_macro   0x00004ff2      0x14e build\cc2538em_armgcc\openwsn\libopenstack.a(packetfunctions.o)
 .debug_macro   0x00005140      0x162 build\cc2538em_armgcc\openwsn\libopenstack.a(IEEE802154.o)
 .debug_macro   0x000052a2      0x146 build\cc2538em_armgcc\openwsn\libopenstack.a(topology.o)
 .debug_macro   0x000053e8      0x158 build\cc2538em_armgcc\kernel\openos\libopenos.a(scheduler.o)
 .debug_macro   0x00005540      0x1f9 build\cc2538em_armgcc\drivers\libdrivers.a(openserial.o)
 .debug_macro   0x00005739       0x28 build\cc2538em_armgcc\drivers\libdrivers.a(openserial.o)
 .debug_macro   0x00005761      0x158 build\cc2538em_armgcc\drivers\libdrivers.a(opentimers.o)
 .debug_macro   0x000058b9      0x141 build\cc2538em_armgcc\drivers\libdrivers.a(openhdlc.o)
 .debug_macro   0x000059fa       0x22 build\cc2538em_armgcc\drivers\libdrivers.a(openhdlc.o)
 .debug_macro   0x00005a1c      0x1d9 build\cc2538em_armgcc\bsp\boards\cc2538em\libbsp.a(board.o)
 .debug_macro   0x00005bf5      0x6f9 build\cc2538em_armgcc\bsp\boards\cc2538em\libbsp.a(board.o)
 .debug_macro   0x000062ee      0x2dc build\cc2538em_armgcc\bsp\boards\cc2538em\libbsp.a(board.o)
 .debug_macro   0x000065ca      0x7cd build\cc2538em_armgcc\bsp\boards\cc2538em\libbsp.a(board.o)
 .debug_macro   0x00006d97       0xd6 build\cc2538em_armgcc\bsp\boards\cc2538em\libbsp.a(board.o)
 .debug_macro   0x00006e6d       0x9a build\cc2538em_armgcc\bsp\boards\cc2538em\libbsp.a(board.o)